Archive member included to satisfy reference by file (symbol)

C:\Users\wes\GOOGLE~1\trab\VENICE~1\Firmware\VENICE~1\VENICE~1\VENICE~1\ARDUIN~1\Debug\libArduinoCore.a(cortex_handlers.o)
                              (Reset_Handler)
C:\Users\wes\GOOGLE~1\trab\VENICE~1\Firmware\VENICE~1\VENICE~1\VENICE~1\ARDUIN~1\Debug\libArduinoCore.a(delay.o)
                              FanChannel.o (millis)
C:\Users\wes\GOOGLE~1\trab\VENICE~1\Firmware\VENICE~1\VENICE~1\VENICE~1\ARDUIN~1\Debug\libArduinoCore.a(hooks.o)
                              C:\Users\wes\GOOGLE~1\trab\VENICE~1\Firmware\VENICE~1\VENICE~1\VENICE~1\ARDUIN~1\Debug\libArduinoCore.a(delay.o) (yield)
C:\Users\wes\GOOGLE~1\trab\VENICE~1\Firmware\VENICE~1\VENICE~1\VENICE~1\ARDUIN~1\Debug\libArduinoCore.a(main.o)
                              c:/program files (x86)/atmel/studio/7.0/toolchain/arm/arm-gnu-toolchain/bin/../lib/gcc/arm-none-eabi/6.3.1/../../../../arm-none-eabi/lib/thumb/v6-m/crt0.o (main)
C:\Users\wes\GOOGLE~1\trab\VENICE~1\Firmware\VENICE~1\VENICE~1\VENICE~1\ARDUIN~1\Debug\libArduinoCore.a(Reset.o)
                              C:\Users\wes\GOOGLE~1\trab\VENICE~1\Firmware\VENICE~1\VENICE~1\VENICE~1\ARDUIN~1\Debug\libArduinoCore.a(delay.o) (tickReset)
C:\Users\wes\GOOGLE~1\trab\VENICE~1\Firmware\VENICE~1\VENICE~1\VENICE~1\ARDUIN~1\Debug\libArduinoCore.a(startup.o)
                              C:\Users\wes\GOOGLE~1\trab\VENICE~1\Firmware\VENICE~1\VENICE~1\VENICE~1\ARDUIN~1\Debug\libArduinoCore.a(cortex_handlers.o) (SystemInit)
C:\Users\wes\GOOGLE~1\trab\VENICE~1\Firmware\VENICE~1\VENICE~1\VENICE~1\ARDUIN~1\Debug\libArduinoCore.a(USBCore.o)
                              C:\Users\wes\GOOGLE~1\trab\VENICE~1\Firmware\VENICE~1\VENICE~1\VENICE~1\ARDUIN~1\Debug\libArduinoCore.a(main.o) (USBDeviceClass::init())
C:\Users\wes\GOOGLE~1\trab\VENICE~1\Firmware\VENICE~1\VENICE~1\VENICE~1\ARDUIN~1\Debug\libArduinoCore.a(wiring.o)
                              C:\Users\wes\GOOGLE~1\trab\VENICE~1\Firmware\VENICE~1\VENICE~1\VENICE~1\ARDUIN~1\Debug\libArduinoCore.a(main.o) (init)
C:\Users\wes\GOOGLE~1\trab\VENICE~1\Firmware\VENICE~1\VENICE~1\VENICE~1\ARDUIN~1\Debug\libArduinoCore.a(wiring_analog.o)
                              C:\Users\wes\GOOGLE~1\trab\VENICE~1\Firmware\VENICE~1\VENICE~1\VENICE~1\ARDUIN~1\Debug\libArduinoCore.a(wiring.o) (analogReference)
C:\Users\wes\GOOGLE~1\trab\VENICE~1\Firmware\VENICE~1\VENICE~1\VENICE~1\ARDUIN~1\Debug\libArduinoCore.a(wiring_digital.o)
                              FanChannel.o (pinMode)
C:\Users\wes\GOOGLE~1\trab\VENICE~1\Firmware\VENICE~1\VENICE~1\VENICE~1\ARDUIN~1\Debug\libArduinoCore.a(wiring_private.o)
                              C:\Users\wes\GOOGLE~1\trab\VENICE~1\Firmware\VENICE~1\VENICE~1\VENICE~1\ARDUIN~1\Debug\libArduinoCore.a(wiring_analog.o) (pinPeripheral)
C:\Users\wes\GOOGLE~1\trab\VENICE~1\Firmware\VENICE~1\VENICE~1\VENICE~1\ARDUIN~1\Debug\libArduinoCore.a(variant.o)
                              C:\Users\wes\GOOGLE~1\trab\VENICE~1\Firmware\VENICE~1\VENICE~1\VENICE~1\ARDUIN~1\Debug\libArduinoCore.a(wiring_analog.o) (g_apTCInstances)
C:\Users\wes\GOOGLE~1\trab\VENICE~1\Firmware\VENICE~1\VENICE~1\VENICE~1\ARDUIN~1\Debug\libArduinoCore.a(new.o)
                              C:\Users\wes\GOOGLE~1\trab\VENICE~1\Firmware\VENICE~1\VENICE~1\VENICE~1\ARDUIN~1\Debug\libArduinoCore.a(USBCore.o) (operator new(unsigned int))
C:\Users\wes\GOOGLE~1\trab\VENICE~1\Firmware\VENICE~1\VENICE~1\VENICE~1\ARDUIN~1\Debug\libArduinoCore.a(SERCOM.o)
                              C:\Users\wes\GOOGLE~1\trab\VENICE~1\Firmware\VENICE~1\VENICE~1\VENICE~1\ARDUIN~1\Debug\libArduinoCore.a(variant.o) (SERCOM::SERCOM(Sercom*))
C:\Users\wes\GOOGLE~1\trab\VENICE~1\Firmware\VENICE~1\VENICE~1\VENICE~1\ARDUIN~1\Debug\libArduinoCore.a(Uart.o)
                              C:\Users\wes\GOOGLE~1\trab\VENICE~1\Firmware\VENICE~1\VENICE~1\VENICE~1\ARDUIN~1\Debug\libArduinoCore.a(variant.o) (Uart::Uart(SERCOM*, unsigned char, unsigned char, SercomRXPad, SercomUartTXPad))
C:\Users\wes\GOOGLE~1\trab\VENICE~1\Firmware\VENICE~1\VENICE~1\VENICE~1\ARDUIN~1\Debug\libArduinoCore.a(CDC.o)
                              C:\Users\wes\GOOGLE~1\trab\VENICE~1\Firmware\VENICE~1\VENICE~1\VENICE~1\ARDUIN~1\Debug\libArduinoCore.a(USBCore.o) (CDC_GetInterface(unsigned char*))
C:\Users\wes\GOOGLE~1\trab\VENICE~1\Firmware\VENICE~1\VENICE~1\VENICE~1\ARDUIN~1\Debug\libArduinoCore.a(PluggableUSB.o)
                              C:\Users\wes\GOOGLE~1\trab\VENICE~1\Firmware\VENICE~1\VENICE~1\VENICE~1\ARDUIN~1\Debug\libArduinoCore.a(USBCore.o) (PluggableUSB_::getInterface(unsigned char*))
C:\Users\wes\GOOGLE~1\trab\VENICE~1\Firmware\VENICE~1\VENICE~1\VENICE~1\ARDUIN~1\Debug\libArduinoCore.a(Print.o)
                              C:\Users\wes\GOOGLE~1\trab\VENICE~1\Firmware\VENICE~1\VENICE~1\VENICE~1\ARDUIN~1\Debug\libArduinoCore.a(Uart.o) (Print::write(unsigned char const*, unsigned int))
[...]
Memory Configuration

Name             Origin             Length             Attributes
FLASH            0x00000000         0x00040000         xr
RAM              0x20000000         0x00008000         xrw
*default*        0x00000000         0xffffffff

Linker script and memory map

LOAD c:/program files (x86)/atmel/studio/7.0/toolchain/arm/arm-gnu-toolchain/bin/../lib/gcc/arm-none-eabi/6.3.1/thumb/v6-m/crti.o
LOAD c:/program files (x86)/atmel/studio/7.0/toolchain/arm/arm-gnu-toolchain/bin/../lib/gcc/arm-none-eabi/6.3.1/thumb/v6-m/crtbegin.o
LOAD c:/program files (x86)/atmel/studio/7.0/toolchain/arm/arm-gnu-toolchain/bin/../lib/gcc/arm-none-eabi/6.3.1/../../../../arm-none-eabi/lib/thumb/v6-m/crt0.o
LOAD FanChannel.o
LOAD IRIn.o
LOAD PCB_LED.o
LOAD Sketch.o
START GROUP
LOAD C:\Users\wes\GOOGLE~1\trab\VENICE~1\Firmware\VENICE~1\VENICE~1\VENICE~1\ARDUIN~1\Debug\libArduinoCore.a
END GROUP
LOAD c:/program files (x86)/atmel/studio/7.0/toolchain/arm/arm-gnu-toolchain/bin/../lib/gcc/arm-none-eabi/6.3.1/../../../../arm-none-eabi/lib/thumb/v6-m\libstdc++_nano.a
LOAD c:/program files (x86)/atmel/studio/7.0/toolchain/arm/arm-gnu-toolchain/bin/../lib/gcc/arm-none-eabi/6.3.1/../../../../arm-none-eabi/lib/thumb/v6-m\libm.a
START GROUP
LOAD c:/program files (x86)/atmel/studio/7.0/toolchain/arm/arm-gnu-toolchain/bin/../lib/gcc/arm-none-eabi/6.3.1/thumb/v6-m\libgcc.a
LOAD c:/program files (x86)/atmel/studio/7.0/toolchain/arm/arm-gnu-toolchain/bin/../lib/gcc/arm-none-eabi/6.3.1/../../../../arm-none-eabi/lib/thumb/v6-m\libc_nano.a
END GROUP
START GROUP
LOAD c:/program files (x86)/atmel/studio/7.0/toolchain/arm/arm-gnu-toolchain/bin/../lib/gcc/arm-none-eabi/6.3.1/thumb/v6-m\libgcc.a
LOAD c:/program files (x86)/atmel/studio/7.0/toolchain/arm/arm-gnu-toolchain/bin/../lib/gcc/arm-none-eabi/6.3.1/../../../../arm-none-eabi/lib/thumb/v6-m\libc_nano.a
LOAD c:/program files (x86)/atmel/studio/7.0/toolchain/arm/arm-gnu-toolchain/bin/../lib/gcc/arm-none-eabi/6.3.1/../../../../arm-none-eabi/lib/thumb/v6-m\libnosys.a
END GROUP
START GROUP
LOAD c:/program files (x86)/atmel/studio/7.0/toolchain/arm/arm-gnu-toolchain/bin/../lib/gcc/arm-none-eabi/6.3.1/thumb/v6-m\libgcc.a
LOAD c:/program files (x86)/atmel/studio/7.0/toolchain/arm/arm-gnu-toolchain/bin/../lib/gcc/arm-none-eabi/6.3.1/../../../../arm-none-eabi/lib/thumb/v6-m\libc_nano.a
LOAD c:/program files (x86)/atmel/studio/7.0/toolchain/arm/arm-gnu-toolchain/bin/../lib/gcc/arm-none-eabi/6.3.1/../../../../arm-none-eabi/lib/thumb/v6-m\libnosys.a
END GROUP
LOAD c:/program files (x86)/atmel/studio/7.0/toolchain/arm/arm-gnu-toolchain/bin/../lib/gcc/arm-none-eabi/6.3.1/thumb/v6-m/crtend.o
LOAD c:/program files (x86)/atmel/studio/7.0/toolchain/arm/arm-gnu-toolchain/bin/../lib/gcc/arm-none-eabi/6.3.1/thumb/v6-m/crtn.o

.text           0x00000000     0x402c
                0x00000000                __text_start__ = .
 *(.isr_vector)
 .isr_vector    0x00000000       0xb4 C:\Users\wes\GOOGLE~1\trab\VENICE~1\Firmware\VENICE~1\VENICE~1\VENICE~1\ARDUIN~1\Debug\libArduinoCore.a(cortex_handlers.o)
                0x00000000                exception_table
 *(.text*)
 .text          0x000000b4       0x60 c:/program files (x86)/atmel/studio/7.0/toolchain/arm/arm-gnu-toolchain/bin/../lib/gcc/arm-none-eabi/6.3.1/thumb/v6-m/crtbegin.o
 .text._ZN10FanChannelC2Ei
                0x00000114       0x18 FanChannel.o
                0x00000114                FanChannel::FanChannel(int)
                0x00000114                FanChannel::FanChannel(int)
 .text._ZN10FanChannel14inflateAndHoldEiiii
                0x0000012c       0x7c FanChannel.o
                0x0000012c                FanChannel::inflateAndHold(int, int, int, int)
 .text._ZN10FanChannel7breatheEiiiiifffi
                0x000001a8      0x152 FanChannel.o
                0x000001a8                FanChannel::breathe(int, int, int, int, int, float, float, float, int)
 .text._ZN4IRIn9fillArrayEi
                0x000002fa       0x26 IRIn.o
                0x000002fa                IRIn::fillArray(int)
 .text._ZN4IRInC2Eii
                0x00000320       0x36 IRIn.o
                0x00000320                IRIn::IRIn(int, int)
                0x00000320                IRIn::IRIn(int, int)
 .text._ZN4IRIn10addReadingEv
                0x00000356       0x26 IRIn.o
                0x00000356                IRIn::addReading()
 .text._ZN4IRIn10getAverageEv
                0x0000037c       0x30 IRIn.o
                0x0000037c                IRIn::getAverage()
 .text._ZN7PCB_LEDC2Ei
                0x000003ac       0x30 PCB_LED.o
                0x000003ac                PCB_LED::PCB_LED(int)
                0x000003ac                PCB_LED::PCB_LED(int)
 .text._ZN7PCB_LED16heartBeatDigitalEif
                0x000003dc       0xa4 PCB_LED.o
                0x000003dc                PCB_LED::heartBeatDigital(int, float)
 .text._ZN7PCB_LED15heartBeatAnalogEiiii
                0x00000480       0xc4 PCB_LED.o
                0x00000480                PCB_LED::heartBeatAnalog(int, int, int, int)
 .text._Z12detectStatesv
                0x00000544       0xec Sketch.o
                0x00000544                detectStates()
 .text._Z12switchStatesv
                0x00000630      0x100 Sketch.o
                0x00000630                switchStates()
 .text.setup    0x00000730       0xd4 Sketch.o
                0x00000730                setup
 .text.loop     0x00000804       0x64 Sketch.o
                0x00000804                loop
 .text.startup._GLOBAL__sub_I_fbLED1
                0x00000868       0x5c Sketch.o
 .text.Dummy_Handler
                0x000008c4        0x4 C:\Users\wes\GOOGLE~1\trab\VENICE~1\Firmware\VENICE~1\VENICE~1\VENICE~1\ARDUIN~1\Debug\libArduinoCore.a(cortex_handlers.o)
                0x000008c4                DMAC_Handler
                0x000008c4                HardFault_Handler
                0x000008c4                AC_Handler
                0x000008c4                PendSV_Handler
                0x000008c4                NMI_Handler
                0x000008c4                TC7_Handler
                0x000008c4                SERCOM1_Handler
                0x000008c4                ADC_Handler
                0x000008c4                TCC1_Handler
                0x000008c4                SERCOM2_Handler
                0x000008c4                TCC0_Handler
                0x000008c4                RTC_Handler
                0x000008c4                EIC_Handler
                0x000008c4                TC6_Handler
                0x000008c4                WDT_Handler
                0x000008c4                TC4_Handler
                0x000008c4                TC3_Handler
                0x000008c4                Dummy_Handler
                0x000008c4                PM_Handler
                0x000008c4                SVC_Handler
                0x000008c4                TCC2_Handler
                0x000008c4                EVSYS_Handler
                0x000008c4                SERCOM3_Handler
                0x000008c4                SERCOM4_Handler
                0x000008c4                I2S_Handler
                0x000008c4                NVMCTRL_Handler
                0x000008c4                DAC_Handler
                0x000008c4                PTC_Handler
                0x000008c4                SYSCTRL_Handler
 .text.USB_Handler
                0x000008c8       0x14 C:\Users\wes\GOOGLE~1\trab\VENICE~1\Firmware\VENICE~1\VENICE~1\VENICE~1\ARDUIN~1\Debug\libArduinoCore.a(cortex_handlers.o)
                0x000008c8                USB_Handler
 .text.Reset_Handler
                0x000008dc       0x54 C:\Users\wes\GOOGLE~1\trab\VENICE~1\Firmware\VENICE~1\VENICE~1\VENICE~1\ARDUIN~1\Debug\libArduinoCore.a(cortex_handlers.o)
                0x000008dc                Reset_Handler
 .text.SysTick_Handler
                0x00000930       0x10 C:\Users\wes\GOOGLE~1\trab\VENICE~1\Firmware\VENICE~1\VENICE~1\VENICE~1\ARDUIN~1\Debug\libArduinoCore.a(cortex_handlers.o)
                0x00000930                SysTick_Handler
 .text.USB_SetHandler
                0x00000940        0xc C:\Users\wes\GOOGLE~1\trab\VENICE~1\Firmware\VENICE~1\VENICE~1\VENICE~1\ARDUIN~1\Debug\libArduinoCore.a(cortex_handlers.o)
                0x00000940                USB_SetHandler
 .text.millis   0x0000094c        0xc C:\Users\wes\GOOGLE~1\trab\VENICE~1\Firmware\VENICE~1\VENICE~1\VENICE~1\ARDUIN~1\Debug\libArduinoCore.a(delay.o)
                0x0000094c                millis
 .text.delay    0x00000958       0x1c C:\Users\wes\GOOGLE~1\trab\VENICE~1\Firmware\VENICE~1\VENICE~1\VENICE~1\ARDUIN~1\Debug\libArduinoCore.a(delay.o)
                0x00000958                delay
 .text.SysTick_DefaultHandler
                0x00000974       0x14 C:\Users\wes\GOOGLE~1\trab\VENICE~1\Firmware\VENICE~1\VENICE~1\VENICE~1\ARDUIN~1\Debug\libArduinoCore.a(delay.o)
                0x00000974                SysTick_DefaultHandler
 .text.__empty  0x00000988        0x2 C:\Users\wes\GOOGLE~1\trab\VENICE~1\Firmware\VENICE~1\VENICE~1\VENICE~1\ARDUIN~1\Debug\libArduinoCore.a(hooks.o)
                0x00000988                yield
 .text.__false  0x0000098a        0x4 C:\Users\wes\GOOGLE~1\trab\VENICE~1\Firmware\VENICE~1\VENICE~1\VENICE~1\ARDUIN~1\Debug\libArduinoCore.a(hooks.o)
                0x0000098a                sysTickHook
 .text._Z11initVariantv
                0x0000098e        0x2 C:\Users\wes\GOOGLE~1\trab\VENICE~1\Firmware\VENICE~1\VENICE~1\VENICE~1\ARDUIN~1\Debug\libArduinoCore.a(main.o)
                0x0000098e                initVariant()
 .text.startup.main
                0x00000990       0x40 C:\Users\wes\GOOGLE~1\trab\VENICE~1\Firmware\VENICE~1\VENICE~1\VENICE~1\ARDUIN~1\Debug\libArduinoCore.a(main.o)
                0x00000990                main
 .text.initiateReset
                0x000009d0        0xc C:\Users\wes\GOOGLE~1\trab\VENICE~1\Firmware\VENICE~1\VENICE~1\VENICE~1\ARDUIN~1\Debug\libArduinoCore.a(Reset.o)
                0x000009d0                initiateReset
 .text.cancelReset
                0x000009dc       0x10 C:\Users\wes\GOOGLE~1\trab\VENICE~1\Firmware\VENICE~1\VENICE~1\VENICE~1\ARDUIN~1\Debug\libArduinoCore.a(Reset.o)
                0x000009dc                cancelReset
 .text.tickReset
                0x000009ec       0x78 C:\Users\wes\GOOGLE~1\trab\VENICE~1\Firmware\VENICE~1\VENICE~1\VENICE~1\ARDUIN~1\Debug\libArduinoCore.a(Reset.o)
                0x000009ec                tickReset
 .text.SystemInit
                0x00000a64      0x160 C:\Users\wes\GOOGLE~1\trab\VENICE~1\Firmware\VENICE~1\VENICE~1\VENICE~1\ARDUIN~1\Debug\libArduinoCore.a(startup.o)
                0x00000a64                SystemInit
 .text._ZL5utox8mPc
                0x00000bc4       0x24 C:\Users\wes\GOOGLE~1\trab\VENICE~1\Firmware\VENICE~1\VENICE~1\VENICE~1\ARDUIN~1\Debug\libArduinoCore.a(USBCore.o)
 .text._ZN14USBDeviceClass6initEPEmm.part.5
                0x00000be8       0xd0 C:\Users\wes\GOOGLE~1\trab\VENICE~1\Firmware\VENICE~1\VENICE~1\VENICE~1\ARDUIN~1\Debug\libArduinoCore.a(USBCore.o)
 .text._ZN20USBDevice_SAMD21G18x5resetEv
                0x00000cb8       0x24 C:\Users\wes\GOOGLE~1\trab\VENICE~1\Firmware\VENICE~1\VENICE~1\VENICE~1\ARDUIN~1\Debug\libArduinoCore.a(USBCore.o)
                0x00000cb8                USBDevice_SAMD21G18x::reset()
 .text._ZN20USBDevice_SAMD21G18x9calibrateEv
                0x00000cdc       0x60 C:\Users\wes\GOOGLE~1\trab\VENICE~1\Firmware\VENICE~1\VENICE~1\VENICE~1\ARDUIN~1\Debug\libArduinoCore.a(USBCore.o)
                0x00000cdc                USBDevice_SAMD21G18x::calibrate()
 .text._ZN7__GuardC2Ev
                0x00000d3c        0xe C:\Users\wes\GOOGLE~1\trab\VENICE~1\Firmware\VENICE~1\VENICE~1\VENICE~1\ARDUIN~1\Debug\libArduinoCore.a(USBCore.o)
                0x00000d3c                __Guard::__Guard()
                0x00000d3c                __Guard::__Guard()
 .text._ZN7__GuardD2Ev
                0x00000d4a        0xe C:\Users\wes\GOOGLE~1\trab\VENICE~1\Firmware\VENICE~1\VENICE~1\VENICE~1\ARDUIN~1\Debug\libArduinoCore.a(USBCore.o)
                0x00000d4a                __Guard::~__Guard()
                0x00000d4a                __Guard::~__Guard()
 .text._ZNK26DoubleBufferedEPOutHandler9availableEv
                0x00000d58       0x5e C:\Users\wes\GOOGLE~1\trab\VENICE~1\Firmware\VENICE~1\VENICE~1\VENICE~1\ARDUIN~1\Debug\libArduinoCore.a(USBCore.o)
                0x00000d58                DoubleBufferedEPOutHandler::available() const
 *fill*         0x00000db6        0x2 
 .text._ZN26DoubleBufferedEPOutHandler7releaseEv
                0x00000db8       0x44 C:\Users\wes\GOOGLE~1\trab\VENICE~1\Firmware\VENICE~1\VENICE~1\VENICE~1\ARDUIN~1\Debug\libArduinoCore.a(USBCore.o)
                0x00000db8                DoubleBufferedEPOutHandler::release()
 .text._ZN26DoubleBufferedEPOutHandler4recvEPvm
                0x00000dfc      0x11e C:\Users\wes\GOOGLE~1\trab\VENICE~1\Firmware\VENICE~1\VENICE~1\VENICE~1\ARDUIN~1\Debug\libArduinoCore.a(USBCore.o)
                0x00000dfc                DoubleBufferedEPOutHandler::recv(void*, unsigned long)
 .text._ZN26DoubleBufferedEPOutHandler14handleEndpointEv
                0x00000f1a       0xba C:\Users\wes\GOOGLE~1\trab\VENICE~1\Firmware\VENICE~1\VENICE~1\VENICE~1\ARDUIN~1\Debug\libArduinoCore.a(USBCore.o)
                0x00000f1a                DoubleBufferedEPOutHandler::handleEndpoint()
 .text._ZN14USBDeviceClass14SendInterfacesEPm
                0x00000fd4       0x2c C:\Users\wes\GOOGLE~1\trab\VENICE~1\Firmware\VENICE~1\VENICE~1\VENICE~1\ARDUIN~1\Debug\libArduinoCore.a(USBCore.o)
                0x00000fd4                USBDeviceClass::SendInterfaces(unsigned long*)
 .text._ZN14USBDeviceClass14handleEndpointEh
                0x00001000       0x44 C:\Users\wes\GOOGLE~1\trab\VENICE~1\Firmware\VENICE~1\VENICE~1\VENICE~1\ARDUIN~1\Debug\libArduinoCore.a(USBCore.o)
                0x00001000                USBDeviceClass::handleEndpoint(unsigned char)
 .text._ZN14USBDeviceClass4initEv
                0x00001044       0xf0 C:\Users\wes\GOOGLE~1\trab\VENICE~1\Firmware\VENICE~1\VENICE~1\VENICE~1\ARDUIN~1\Debug\libArduinoCore.a(USBCore.o)
                0x00001044                USBDeviceClass::init()
 .text._ZN14USBDeviceClass6attachEv
                0x00001134       0x34 C:\Users\wes\GOOGLE~1\trab\VENICE~1\Firmware\VENICE~1\VENICE~1\VENICE~1\ARDUIN~1\Debug\libArduinoCore.a(USBCore.o)
                0x00001134                USBDeviceClass::attach()
 .text._ZN14USBDeviceClass10setAddressEm
                0x00001168       0x48 C:\Users\wes\GOOGLE~1\trab\VENICE~1\Firmware\VENICE~1\VENICE~1\VENICE~1\ARDUIN~1\Debug\libArduinoCore.a(USBCore.o)
                0x00001168                USBDeviceClass::setAddress(unsigned long)
 .text._ZN14USBDeviceClass25handleClassInterfaceSetupER8USBSetup
                0x000011b0       0x44 C:\Users\wes\GOOGLE~1\trab\VENICE~1\Firmware\VENICE~1\VENICE~1\VENICE~1\ARDUIN~1\Debug\libArduinoCore.a(USBCore.o)
                0x000011b0                USBDeviceClass::handleClassInterfaceSetup(USBSetup&)
 .text._ZN14USBDeviceClass6initEPEmm
                0x000011f4       0xe8 C:\Users\wes\GOOGLE~1\trab\VENICE~1\Firmware\VENICE~1\VENICE~1\VENICE~1\ARDUIN~1\Debug\libArduinoCore.a(USBCore.o)
                0x000011f4                USBDeviceClass::initEP(unsigned long, unsigned long)
 .text._ZN14USBDeviceClass13initEndpointsEv
                0x000012dc       0x24 C:\Users\wes\GOOGLE~1\trab\VENICE~1\Firmware\VENICE~1\VENICE~1\VENICE~1\ARDUIN~1\Debug\libArduinoCore.a(USBCore.o)
                0x000012dc                USBDeviceClass::initEndpoints()
 .text._ZN14USBDeviceClass9availableEm
                0x00001300       0x2c C:\Users\wes\GOOGLE~1\trab\VENICE~1\Firmware\VENICE~1\VENICE~1\VENICE~1\ARDUIN~1\Debug\libArduinoCore.a(USBCore.o)
                0x00001300                USBDeviceClass::available(unsigned long)
 .text._ZN14USBDeviceClass5flushEm
                0x0000132c       0x2c C:\Users\wes\GOOGLE~1\trab\VENICE~1\Firmware\VENICE~1\VENICE~1\VENICE~1\ARDUIN~1\Debug\libArduinoCore.a(USBCore.o)
                0x0000132c                USBDeviceClass::flush(unsigned long)
 .text._ZN14USBDeviceClass14armRecvCtrlOUTEm
                0x00001358       0x5c C:\Users\wes\GOOGLE~1\trab\VENICE~1\Firmware\VENICE~1\VENICE~1\VENICE~1\ARDUIN~1\Debug\libArduinoCore.a(USBCore.o)
                0x00001358                USBDeviceClass::armRecvCtrlOUT(unsigned long)
 .text._ZN14USBDeviceClass11recvControlEPvm
                0x000013b4       0x3c C:\Users\wes\GOOGLE~1\trab\VENICE~1\Firmware\VENICE~1\VENICE~1\VENICE~1\ARDUIN~1\Debug\libArduinoCore.a(USBCore.o)
                0x000013b4                USBDeviceClass::recvControl(void*, unsigned long)
 .text._ZN14USBDeviceClass7armRecvEm
                0x000013f0       0x38 C:\Users\wes\GOOGLE~1\trab\VENICE~1\Firmware\VENICE~1\VENICE~1\VENICE~1\ARDUIN~1\Debug\libArduinoCore.a(USBCore.o)
                0x000013f0                USBDeviceClass::armRecv(unsigned long)
 .text._ZN14USBDeviceClass4recvEmPvm
                0x00001428       0xdc C:\Users\wes\GOOGLE~1\trab\VENICE~1\Firmware\VENICE~1\VENICE~1\VENICE~1\ARDUIN~1\Debug\libArduinoCore.a(USBCore.o)
                0x00001428                USBDeviceClass::recv(unsigned long, void*, unsigned long)
 .text._ZN14USBDeviceClass4recvEm
                0x00001504       0x1c C:\Users\wes\GOOGLE~1\trab\VENICE~1\Firmware\VENICE~1\VENICE~1\VENICE~1\ARDUIN~1\Debug\libArduinoCore.a(USBCore.o)
                0x00001504                USBDeviceClass::recv(unsigned long)
 .text._ZN14USBDeviceClass4sendEmPKvm
                0x00001520      0x110 C:\Users\wes\GOOGLE~1\trab\VENICE~1\Firmware\VENICE~1\VENICE~1\VENICE~1\ARDUIN~1\Debug\libArduinoCore.a(USBCore.o)
                0x00001520                USBDeviceClass::send(unsigned long, void const*, unsigned long)
 .text._ZN14USBDeviceClass7armSendEmPKvm
                0x00001630       0x48 C:\Users\wes\GOOGLE~1\trab\VENICE~1\Firmware\VENICE~1\VENICE~1\VENICE~1\ARDUIN~1\Debug\libArduinoCore.a(USBCore.o)
                0x00001630                USBDeviceClass::armSend(unsigned long, void const*, unsigned long)
 .text._ZN14USBDeviceClass11sendControlEPKvm
                0x00001678       0x54 C:\Users\wes\GOOGLE~1\trab\VENICE~1\Firmware\VENICE~1\VENICE~1\VENICE~1\ARDUIN~1\Debug\libArduinoCore.a(USBCore.o)
                0x00001678                USBDeviceClass::sendControl(void const*, unsigned long)
 .text._ZN14USBDeviceClass20sendStringDescriptorEPKhh
                0x000016cc       0x64 C:\Users\wes\GOOGLE~1\trab\VENICE~1\Firmware\VENICE~1\VENICE~1\VENICE~1\ARDUIN~1\Debug\libArduinoCore.a(USBCore.o)
                0x000016cc                USBDeviceClass::sendStringDescriptor(unsigned char const*, unsigned char)
 .text._ZN14USBDeviceClass17sendConfigurationEm
                0x00001730       0x94 C:\Users\wes\GOOGLE~1\trab\VENICE~1\Firmware\VENICE~1\VENICE~1\VENICE~1\ARDUIN~1\Debug\libArduinoCore.a(USBCore.o)
                0x00001730                USBDeviceClass::sendConfiguration(unsigned long)
 .text._ZN14USBDeviceClass14sendDescriptorER8USBSetup
                0x000017c4       0xe4 C:\Users\wes\GOOGLE~1\trab\VENICE~1\Firmware\VENICE~1\VENICE~1\VENICE~1\ARDUIN~1\Debug\libArduinoCore.a(USBCore.o)
                0x000017c4                USBDeviceClass::sendDescriptor(USBSetup&)
 .text._ZN14USBDeviceClass19handleStandardSetupER8USBSetup
                0x000018a8      0x108 C:\Users\wes\GOOGLE~1\trab\VENICE~1\Firmware\VENICE~1\VENICE~1\VENICE~1\ARDUIN~1\Debug\libArduinoCore.a(USBCore.o)
                0x000018a8                USBDeviceClass::handleStandardSetup(USBSetup&)
 .text._ZN14USBDeviceClass10ISRHandlerEv
                0x000019b0      0x154 C:\Users\wes\GOOGLE~1\trab\VENICE~1\Firmware\VENICE~1\VENICE~1\VENICE~1\ARDUIN~1\Debug\libArduinoCore.a(USBCore.o)
                0x000019b0                USBDeviceClass::ISRHandler()
 .text.UDD_Handler
                0x00001b04       0x10 C:\Users\wes\GOOGLE~1\trab\VENICE~1\Firmware\VENICE~1\VENICE~1\VENICE~1\ARDUIN~1\Debug\libArduinoCore.a(USBCore.o)
                0x00001b04                UDD_Handler
 .text.startup._GLOBAL__sub_I__ZN20USBDevice_SAMD21G18x5resetEv
                0x00001b14       0x10 C:\Users\wes\GOOGLE~1\trab\VENICE~1\Firmware\VENICE~1\VENICE~1\VENICE~1\ARDUIN~1\Debug\libArduinoCore.a(USBCore.o)
 .text.init     0x00001b24       0xf0 C:\Users\wes\GOOGLE~1\trab\VENICE~1\Firmware\VENICE~1\VENICE~1\VENICE~1\ARDUIN~1\Debug\libArduinoCore.a(wiring.o)
                0x00001b24                init
 .text.mapResolution
                0x00001c14       0x12 C:\Users\wes\GOOGLE~1\trab\VENICE~1\Firmware\VENICE~1\VENICE~1\VENICE~1\ARDUIN~1\Debug\libArduinoCore.a(wiring_analog.o)
 *fill*         0x00001c26        0x2 
 .text.analogReference
                0x00001c28       0x64 C:\Users\wes\GOOGLE~1\trab\VENICE~1\Firmware\VENICE~1\VENICE~1\VENICE~1\ARDUIN~1\Debug\libArduinoCore.a(wiring_analog.o)
                0x00001c28                analogReference
 .text.analogRead
                0x00001c8c       0xcc C:\Users\wes\GOOGLE~1\trab\VENICE~1\Firmware\VENICE~1\VENICE~1\VENICE~1\ARDUIN~1\Debug\libArduinoCore.a(wiring_analog.o)
                0x00001c8c                analogRead
 .text.analogWrite
                0x00001d58      0x1d8 C:\Users\wes\GOOGLE~1\trab\VENICE~1\Firmware\VENICE~1\VENICE~1\VENICE~1\ARDUIN~1\Debug\libArduinoCore.a(wiring_analog.o)
                0x00001d58                analogWrite
 .text.pinMode  0x00001f30       0x98 C:\Users\wes\GOOGLE~1\trab\VENICE~1\Firmware\VENICE~1\VENICE~1\VENICE~1\ARDUIN~1\Debug\libArduinoCore.a(wiring_digital.o)
                0x00001f30                pinMode
 .text.digitalWrite
                0x00001fc8       0x58 C:\Users\wes\GOOGLE~1\trab\VENICE~1\Firmware\VENICE~1\VENICE~1\VENICE~1\ARDUIN~1\Debug\libArduinoCore.a(wiring_digital.o)
                0x00001fc8                digitalWrite
 .text.pinPeripheral
                0x00002020       0xbc C:\Users\wes\GOOGLE~1\trab\VENICE~1\Firmware\VENICE~1\VENICE~1\VENICE~1\ARDUIN~1\Debug\libArduinoCore.a(wiring_private.o)
                0x00002020                pinPeripheral
 .text.SERCOM0_Handler
                0x000020dc       0x10 C:\Users\wes\GOOGLE~1\trab\VENICE~1\Firmware\VENICE~1\VENICE~1\VENICE~1\ARDUIN~1\Debug\libArduinoCore.a(variant.o)
                0x000020dc                SERCOM0_Handler
 .text.SERCOM5_Handler
                0x000020ec       0x10 C:\Users\wes\GOOGLE~1\trab\VENICE~1\Firmware\VENICE~1\VENICE~1\VENICE~1\ARDUIN~1\Debug\libArduinoCore.a(variant.o)
                0x000020ec                SERCOM5_Handler
 .text.startup._GLOBAL__sub_I_g_APinDescription
                0x000020fc       0x94 C:\Users\wes\GOOGLE~1\trab\VENICE~1\Firmware\VENICE~1\VENICE~1\VENICE~1\ARDUIN~1\Debug\libArduinoCore.a(variant.o)
 .text._Znwj    0x00002190        0x8 C:\Users\wes\GOOGLE~1\trab\VENICE~1\Firmware\VENICE~1\VENICE~1\VENICE~1\ARDUIN~1\Debug\libArduinoCore.a(new.o)
                0x00002190                operator new(unsigned int)
 .text._ZN6SERCOMC2EP6Sercom
                0x00002198        0x4 C:\Users\wes\GOOGLE~1\trab\VENICE~1\Firmware\VENICE~1\VENICE~1\VENICE~1\ARDUIN~1\Debug\libArduinoCore.a(SERCOM.o)
                0x00002198                SERCOM::SERCOM(Sercom*)
                0x00002198                SERCOM::SERCOM(Sercom*)
 .text._ZN6SERCOM9initFrameE18SercomUartCharSize15SercomDataOrder16SercomParityMode19SercomNumberStopBit
                0x0000219c       0x34 C:\Users\wes\GOOGLE~1\trab\VENICE~1\Firmware\VENICE~1\VENICE~1\VENICE~1\ARDUIN~1\Debug\libArduinoCore.a(SERCOM.o)
                0x0000219c                SERCOM::initFrame(SercomUartCharSize, SercomDataOrder, SercomParityMode, SercomNumberStopBit)
 .text._ZN6SERCOM8initPadsE15SercomUartTXPad11SercomRXPad
                0x000021d0       0x24 C:\Users\wes\GOOGLE~1\trab\VENICE~1\Firmware\VENICE~1\VENICE~1\VENICE~1\ARDUIN~1\Debug\libArduinoCore.a(SERCOM.o)
                0x000021d0                SERCOM::initPads(SercomUartTXPad, SercomRXPad)
 .text._ZN6SERCOM9resetUARTEv
                0x000021f4       0x18 C:\Users\wes\GOOGLE~1\trab\VENICE~1\Firmware\VENICE~1\VENICE~1\VENICE~1\ARDUIN~1\Debug\libArduinoCore.a(SERCOM.o)
                0x000021f4                SERCOM::resetUART()
 .text._ZN6SERCOM10enableUARTEv
                0x0000220c       0x12 C:\Users\wes\GOOGLE~1\trab\VENICE~1\Firmware\VENICE~1\VENICE~1\VENICE~1\ARDUIN~1\Debug\libArduinoCore.a(SERCOM.o)
                0x0000220c                SERCOM::enableUART()
 .text._ZN6SERCOM9flushUARTEv
                0x0000221e       0x10 C:\Users\wes\GOOGLE~1\trab\VENICE~1\Firmware\VENICE~1\VENICE~1\VENICE~1\ARDUIN~1\Debug\libArduinoCore.a(SERCOM.o)
                0x0000221e                SERCOM::flushUART()
 .text._ZN6SERCOM15clearStatusUARTEv
                0x0000222e        0x8 C:\Users\wes\GOOGLE~1\trab\VENICE~1\Firmware\VENICE~1\VENICE~1\VENICE~1\ARDUIN~1\Debug\libArduinoCore.a(SERCOM.o)
                0x0000222e                SERCOM::clearStatusUART()
 .text._ZN6SERCOM17availableDataUARTEv
                0x00002236        0xa C:\Users\wes\GOOGLE~1\trab\VENICE~1\Firmware\VENICE~1\VENICE~1\VENICE~1\ARDUIN~1\Debug\libArduinoCore.a(SERCOM.o)
                0x00002236                SERCOM::availableDataUART()
 .text._ZN6SERCOM11isUARTErrorEv
                0x00002240        0x8 C:\Users\wes\GOOGLE~1\trab\VENICE~1\Firmware\VENICE~1\VENICE~1\VENICE~1\ARDUIN~1\Debug\libArduinoCore.a(SERCOM.o)
                0x00002240                SERCOM::isUARTError()
 .text._ZN6SERCOM20acknowledgeUARTErrorEv
                0x00002248        0xe C:\Users\wes\GOOGLE~1\trab\VENICE~1\Firmware\VENICE~1\VENICE~1\VENICE~1\ARDUIN~1\Debug\libArduinoCore.a(SERCOM.o)
                0x00002248                SERCOM::acknowledgeUARTError()
 .text._ZN6SERCOM23isDataRegisterEmptyUARTEv
                0x00002256        0xa C:\Users\wes\GOOGLE~1\trab\VENICE~1\Firmware\VENICE~1\VENICE~1\VENICE~1\ARDUIN~1\Debug\libArduinoCore.a(SERCOM.o)
                0x00002256                SERCOM::isDataRegisterEmptyUART()
 .text._ZN6SERCOM12readDataUARTEv
                0x00002260        0x8 C:\Users\wes\GOOGLE~1\trab\VENICE~1\Firmware\VENICE~1\VENICE~1\VENICE~1\ARDUIN~1\Debug\libArduinoCore.a(SERCOM.o)
                0x00002260                SERCOM::readDataUART()
 .text._ZN6SERCOM13writeDataUARTEh
                0x00002268       0x10 C:\Users\wes\GOOGLE~1\trab\VENICE~1\Firmware\VENICE~1\VENICE~1\VENICE~1\ARDUIN~1\Debug\libArduinoCore.a(SERCOM.o)
                0x00002268                SERCOM::writeDataUART(unsigned char)
 .text._ZN6SERCOM36enableDataRegisterEmptyInterruptUARTEv
                0x00002278        0x8 C:\Users\wes\GOOGLE~1\trab\VENICE~1\Firmware\VENICE~1\VENICE~1\VENICE~1\ARDUIN~1\Debug\libArduinoCore.a(SERCOM.o)
                0x00002278                SERCOM::enableDataRegisterEmptyInterruptUART()
 .text._ZN6SERCOM37disableDataRegisterEmptyInterruptUARTEv
                0x00002280        0x8 C:\Users\wes\GOOGLE~1\trab\VENICE~1\Firmware\VENICE~1\VENICE~1\VENICE~1\ARDUIN~1\Debug\libArduinoCore.a(SERCOM.o)
                0x00002280                SERCOM::disableDataRegisterEmptyInterruptUART()
 .text._ZN6SERCOM13initClockNVICEv
                0x00002288       0xa8 C:\Users\wes\GOOGLE~1\trab\VENICE~1\Firmware\VENICE~1\VENICE~1\VENICE~1\ARDUIN~1\Debug\libArduinoCore.a(SERCOM.o)
                0x00002288                SERCOM::initClockNVIC()
 .text._ZN6SERCOM8initUARTE14SercomUartMode20SercomUartSampleRatem
                0x00002330       0x64 C:\Users\wes\GOOGLE~1\trab\VENICE~1\Firmware\VENICE~1\VENICE~1\VENICE~1\ARDUIN~1\Debug\libArduinoCore.a(SERCOM.o)
                0x00002330                SERCOM::initUART(SercomUartMode, SercomUartSampleRate, unsigned long)
 .text._ZN4UartcvbEv
                0x00002394        0x4 C:\Users\wes\GOOGLE~1\trab\VENICE~1\Firmware\VENICE~1\VENICE~1\VENICE~1\ARDUIN~1\Debug\libArduinoCore.a(Uart.o)
                0x00002394                Uart::operator bool()
 .text._ZN4Uart5beginEm
                0x00002398       0x10 C:\Users\wes\GOOGLE~1\trab\VENICE~1\Firmware\VENICE~1\VENICE~1\VENICE~1\ARDUIN~1\Debug\libArduinoCore.a(Uart.o)
                0x00002398                Uart::begin(unsigned long)
 .text._ZN4Uart4peekEv
                0x000023a8       0x16 C:\Users\wes\GOOGLE~1\trab\VENICE~1\Firmware\VENICE~1\VENICE~1\VENICE~1\ARDUIN~1\Debug\libArduinoCore.a(Uart.o)
                0x000023a8                Uart::peek()
 .text._ZN4Uart3endEv
                0x000023be       0x1c C:\Users\wes\GOOGLE~1\trab\VENICE~1\Firmware\VENICE~1\VENICE~1\VENICE~1\ARDUIN~1\Debug\libArduinoCore.a(Uart.o)
                0x000023be                Uart::end()
 .text._ZN4Uart16extractNbStopBitEt
                0x000023da        0xc C:\Users\wes\GOOGLE~1\trab\VENICE~1\Firmware\VENICE~1\VENICE~1\VENICE~1\ARDUIN~1\Debug\libArduinoCore.a(Uart.o)
                0x000023da                Uart::extractNbStopBit(unsigned short)
 .text._ZN4Uart15extractCharSizeEt
                0x000023e6       0x28 C:\Users\wes\GOOGLE~1\trab\VENICE~1\Firmware\VENICE~1\VENICE~1\VENICE~1\ARDUIN~1\Debug\libArduinoCore.a(Uart.o)
                0x000023e6                Uart::extractCharSize(unsigned short)
 .text._ZN4Uart13extractParityEt
                0x0000240e       0x14 C:\Users\wes\GOOGLE~1\trab\VENICE~1\Firmware\VENICE~1\VENICE~1\VENICE~1\ARDUIN~1\Debug\libArduinoCore.a(Uart.o)
                0x0000240e                Uart::extractParity(unsigned short)
 *fill*         0x00002422        0x2 
 .text._ZN4Uart5beginEmt
                0x00002424       0xf0 C:\Users\wes\GOOGLE~1\trab\VENICE~1\Firmware\VENICE~1\VENICE~1\VENICE~1\ARDUIN~1\Debug\libArduinoCore.a(Uart.o)
                0x00002424                Uart::begin(unsigned long, unsigned short)
 .text._ZN11RingBufferNILi64EEC2Ev
                0x00002514       0x16 C:\Users\wes\GOOGLE~1\trab\VENICE~1\Firmware\VENICE~1\VENICE~1\VENICE~1\ARDUIN~1\Debug\libArduinoCore.a(Uart.o)
                0x00002514                RingBufferN<64>::RingBufferN()
                0x00002514                RingBufferN<64>::RingBufferN()
 *fill*         0x0000252a        0x2 
 .text._ZN4UartC2EP6SERCOMhh11SercomRXPad15SercomUartTXPad
                0x0000252c       0x5c C:\Users\wes\GOOGLE~1\trab\VENICE~1\Firmware\VENICE~1\VENICE~1\VENICE~1\ARDUIN~1\Debug\libArduinoCore.a(Uart.o)
                0x0000252c                Uart::Uart(SERCOM*, unsigned char, unsigned char, SercomRXPad, SercomUartTXPad)
                0x0000252c                Uart::Uart(SERCOM*, unsigned char, unsigned char, SercomRXPad, SercomUartTXPad)
 .text._ZN11RingBufferNILi64EE9availableEv
                0x00002588        0xc C:\Users\wes\GOOGLE~1\trab\VENICE~1\Firmware\VENICE~1\VENICE~1\VENICE~1\ARDUIN~1\Debug\libArduinoCore.a(Uart.o)
                0x00002588                RingBufferN<64>::available()
 .text._ZN4Uart5flushEv
                0x00002594       0x18 C:\Users\wes\GOOGLE~1\trab\VENICE~1\Firmware\VENICE~1\VENICE~1\VENICE~1\ARDUIN~1\Debug\libArduinoCore.a(Uart.o)
                0x00002594                Uart::flush()
 .text._ZN4Uart9availableEv
                0x000025ac        0xa C:\Users\wes\GOOGLE~1\trab\VENICE~1\Firmware\VENICE~1\VENICE~1\VENICE~1\ARDUIN~1\Debug\libArduinoCore.a(Uart.o)
                0x000025ac                Uart::available()
 .text._ZN11RingBufferNILi64EE17availableForStoreEv
                0x000025b6       0x1c C:\Users\wes\GOOGLE~1\trab\VENICE~1\Firmware\VENICE~1\VENICE~1\VENICE~1\ARDUIN~1\Debug\libArduinoCore.a(Uart.o)
                0x000025b6                RingBufferN<64>::availableForStore()
 .text._ZN4Uart17availableForWriteEv
                0x000025d2        0xa C:\Users\wes\GOOGLE~1\trab\VENICE~1\Firmware\VENICE~1\VENICE~1\VENICE~1\ARDUIN~1\Debug\libArduinoCore.a(Uart.o)
                0x000025d2                Uart::availableForWrite()
 .text._ZN4Uart10IrqHandlerEv
                0x000025dc       0xb2 C:\Users\wes\GOOGLE~1\trab\VENICE~1\Firmware\VENICE~1\VENICE~1\VENICE~1\ARDUIN~1\Debug\libArduinoCore.a(Uart.o)
                0x000025dc                Uart::IrqHandler()
 *fill*         0x0000268e        0x2 
 .text._ZN4Uart5writeEh
                0x00002690       0xb4 C:\Users\wes\GOOGLE~1\trab\VENICE~1\Firmware\VENICE~1\VENICE~1\VENICE~1\ARDUIN~1\Debug\libArduinoCore.a(Uart.o)
                0x00002690                Uart::write(unsigned char)
 .text._ZN4Uart4readEv
                0x00002744       0x48 C:\Users\wes\GOOGLE~1\trab\VENICE~1\Firmware\VENICE~1\VENICE~1\VENICE~1\ARDUIN~1\Debug\libArduinoCore.a(Uart.o)
                0x00002744                Uart::read()
 .text._ZN7Serial_17availableForWriteEv
                0x0000278c        0x4 C:\Users\wes\GOOGLE~1\trab\VENICE~1\Firmware\VENICE~1\VENICE~1\VENICE~1\ARDUIN~1\Debug\libArduinoCore.a(CDC.o)
                0x0000278c                Serial_::availableForWrite()
 .text._ZN7Serial_5writeEh
                0x00002790       0x14 C:\Users\wes\GOOGLE~1\trab\VENICE~1\Firmware\VENICE~1\VENICE~1\VENICE~1\ARDUIN~1\Debug\libArduinoCore.a(CDC.o)
                0x00002790                Serial_::write(unsigned char)
 .text._ZN7Serial_9availableEv
                0x000027a4        0xc C:\Users\wes\GOOGLE~1\trab\VENICE~1\Firmware\VENICE~1\VENICE~1\VENICE~1\ARDUIN~1\Debug\libArduinoCore.a(CDC.o)
                0x000027a4                Serial_::available()
 .text._ZN7Serial_5flushEv
                0x000027b0        0xc C:\Users\wes\GOOGLE~1\trab\VENICE~1\Firmware\VENICE~1\VENICE~1\VENICE~1\ARDUIN~1\Debug\libArduinoCore.a(CDC.o)
                0x000027b0                Serial_::flush()
 .text._ZN7Serial_5writeEPKhj
                0x000027bc       0x1a C:\Users\wes\GOOGLE~1\trab\VENICE~1\Firmware\VENICE~1\VENICE~1\VENICE~1\ARDUIN~1\Debug\libArduinoCore.a(CDC.o)
                0x000027bc                Serial_::write(unsigned char const*, unsigned int)
 *fill*         0x000027d6        0x2 
 .text._ZN7Serial_4peekEv
                0x000027d8       0x1c C:\Users\wes\GOOGLE~1\trab\VENICE~1\Firmware\VENICE~1\VENICE~1\VENICE~1\ARDUIN~1\Debug\libArduinoCore.a(CDC.o)
                0x000027d8                Serial_::peek()
 .text._ZN7Serial_4readEv
                0x000027f4       0x24 C:\Users\wes\GOOGLE~1\trab\VENICE~1\Firmware\VENICE~1\VENICE~1\VENICE~1\ARDUIN~1\Debug\libArduinoCore.a(CDC.o)
                0x000027f4                Serial_::read()
 .text._Z16CDC_GetInterfacePh
                0x00002818       0x1c C:\Users\wes\GOOGLE~1\trab\VENICE~1\Firmware\VENICE~1\VENICE~1\VENICE~1\ARDUIN~1\Debug\libArduinoCore.a(CDC.o)
                0x00002818                CDC_GetInterface(unsigned char*)
 .text._Z9CDC_SetupR8USBSetup
                0x00002834       0x7c C:\Users\wes\GOOGLE~1\trab\VENICE~1\Firmware\VENICE~1\VENICE~1\VENICE~1\ARDUIN~1\Debug\libArduinoCore.a(CDC.o)
                0x00002834                CDC_Setup(USBSetup&)
 .text.startup._GLOBAL__sub_I__Z17_CDC_GetInterfacev
                0x000028b0       0x28 C:\Users\wes\GOOGLE~1\trab\VENICE~1\Firmware\VENICE~1\VENICE~1\VENICE~1\ARDUIN~1\Debug\libArduinoCore.a(CDC.o)
 .text._ZN13PluggableUSB_12getInterfaceEPh
                0x000028d8       0x28 C:\Users\wes\GOOGLE~1\trab\VENICE~1\Firmware\VENICE~1\VENICE~1\VENICE~1\ARDUIN~1\Debug\libArduinoCore.a(PluggableUSB.o)
                0x000028d8                PluggableUSB_::getInterface(unsigned char*)
 .text._ZN13PluggableUSB_13getDescriptorER8USBSetup
                0x00002900       0x20 C:\Users\wes\GOOGLE~1\trab\VENICE~1\Firmware\VENICE~1\VENICE~1\VENICE~1\ARDUIN~1\Debug\libArduinoCore.a(PluggableUSB.o)
                0x00002900                PluggableUSB_::getDescriptor(USBSetup&)
 .text._ZN13PluggableUSB_12getShortNameEPc
                0x00002920       0x1e C:\Users\wes\GOOGLE~1\trab\VENICE~1\Firmware\VENICE~1\VENICE~1\VENICE~1\ARDUIN~1\Debug\libArduinoCore.a(PluggableUSB.o)
                0x00002920                PluggableUSB_::getShortName(char*)
 .text._ZN13PluggableUSB_5setupER8USBSetup
                0x0000293e       0x20 C:\Users\wes\GOOGLE~1\trab\VENICE~1\Firmware\VENICE~1\VENICE~1\VENICE~1\ARDUIN~1\Debug\libArduinoCore.a(PluggableUSB.o)
                0x0000293e                PluggableUSB_::setup(USBSetup&)
 *fill*         0x0000295e        0x2 
 .text._Z12PluggableUSBv
                0x00002960       0x24 C:\Users\wes\GOOGLE~1\trab\VENICE~1\Firmware\VENICE~1\VENICE~1\VENICE~1\ARDUIN~1\Debug\libArduinoCore.a(PluggableUSB.o)
                0x00002960                PluggableUSB()
 .text._ZN5Print5writeEPKhj
                0x00002984       0x28 C:\Users\wes\GOOGLE~1\trab\VENICE~1\Firmware\VENICE~1\VENICE~1\VENICE~1\ARDUIN~1\Debug\libArduinoCore.a(Print.o)
                0x00002984                Print::write(unsigned char const*, unsigned int)
 .text          0x000029ac       0x14 c:/program files (x86)/atmel/studio/7.0/toolchain/arm/arm-gnu-toolchain/bin/../lib/gcc/arm-none-eabi/6.3.1/thumb/v6-m\libgcc.a(_thumb1_case_uqi.o)
                0x000029ac                __gnu_thumb1_case_uqi
 .text          0x000029c0      0x114 c:/program files (x86)/atmel/studio/7.0/toolchain/arm/arm-gnu-toolchain/bin/../lib/gcc/arm-none-eabi/6.3.1/thumb/v6-m\libgcc.a(_udivsi3.o)
                0x000029c0                __aeabi_uidiv
                0x000029c0                __udivsi3
                0x00002acc                __aeabi_uidivmod
 .text          0x00002ad4      0x1d4 c:/program files (x86)/atmel/studio/7.0/toolchain/arm/arm-gnu-toolchain/bin/../lib/gcc/arm-none-eabi/6.3.1/thumb/v6-m\libgcc.a(_divsi3.o)
                0x00002ad4                __divsi3
                0x00002ad4                __aeabi_idiv
                0x00002ca0                __aeabi_idivmod
 .text          0x00002ca8        0x4 c:/program files (x86)/atmel/studio/7.0/toolchain/arm/arm-gnu-toolchain/bin/../lib/gcc/arm-none-eabi/6.3.1/thumb/v6-m\libgcc.a(_dvmd_tls.o)
                0x00002ca8                __aeabi_idiv0
                0x00002ca8                __aeabi_ldiv0
 .text          0x00002cac       0x74 c:/program files (x86)/atmel/studio/7.0/toolchain/arm/arm-gnu-toolchain/bin/../lib/gcc/arm-none-eabi/6.3.1/thumb/v6-m\libgcc.a(_arm_cmpsf2.o)
                0x00002cac                __aeabi_cfrcmple
                0x00002cb4                __aeabi_cfcmpeq
                0x00002cb4                __aeabi_cfcmple
                0x00002cc4                __aeabi_fcmpeq
                0x00002cd0                __aeabi_fcmplt
                0x00002ce4                __aeabi_fcmple
                0x00002cf8                __aeabi_fcmpgt
                0x00002d0c                __aeabi_fcmpge
 .text          0x00002d20      0x324 c:/program files (x86)/atmel/studio/7.0/toolchain/arm/arm-gnu-toolchain/bin/../lib/gcc/arm-none-eabi/6.3.1/thumb/v6-m\libgcc.a(addsf3.o)
                0x00002d20                __aeabi_fadd
 .text          0x00003044       0x4c c:/program files (x86)/atmel/studio/7.0/toolchain/arm/arm-gnu-toolchain/bin/../lib/gcc/arm-none-eabi/6.3.1/thumb/v6-m\libgcc.a(eqsf2.o)
                0x00003044                __eqsf2
                0x00003044                __nesf2
 .text          0x00003090       0x80 c:/program files (x86)/atmel/studio/7.0/toolchain/arm/arm-gnu-toolchain/bin/../lib/gcc/arm-none-eabi/6.3.1/thumb/v6-m\libgcc.a(gesf2.o)
                0x00003090                __gesf2
                0x00003090                __gtsf2
 .text          0x00003110       0x84 c:/program files (x86)/atmel/studio/7.0/toolchain/arm/arm-gnu-toolchain/bin/../lib/gcc/arm-none-eabi/6.3.1/thumb/v6-m\libgcc.a(lesf2.o)
                0x00003110                __ltsf2
                0x00003110                __lesf2
 .text          0x00003194      0x240 c:/program files (x86)/atmel/studio/7.0/toolchain/arm/arm-gnu-toolchain/bin/../lib/gcc/arm-none-eabi/6.3.1/thumb/v6-m\libgcc.a(mulsf3.o)
                0x00003194                __aeabi_fmul
 .text          0x000033d4      0x338 c:/program files (x86)/atmel/studio/7.0/toolchain/arm/arm-gnu-toolchain/bin/../lib/gcc/arm-none-eabi/6.3.1/thumb/v6-m\libgcc.a(subsf3.o)
                0x000033d4                __aeabi_fsub
 .text          0x0000370c       0xa0 c:/program files (x86)/atmel/studio/7.0/toolchain/arm/arm-gnu-toolchain/bin/../lib/gcc/arm-none-eabi/6.3.1/thumb/v6-m\libgcc.a(floatsisf.o)
                0x0000370c                __aeabi_i2f
 .text          0x000037ac       0x8c c:/program files (x86)/atmel/studio/7.0/toolchain/arm/arm-gnu-toolchain/bin/../lib/gcc/arm-none-eabi/6.3.1/thumb/v6-m\libgcc.a(floatunsisf.o)
                0x000037ac                __aeabi_ui2f
 .text          0x00003838       0x3c c:/program files (x86)/atmel/studio/7.0/toolchain/arm/arm-gnu-toolchain/bin/../lib/gcc/arm-none-eabi/6.3.1/thumb/v6-m\libgcc.a(_clzsi2.o)
                0x00003838                __clzsi2
 .text.__libc_init_array
                0x00003874       0x48 c:/program files (x86)/atmel/studio/7.0/toolchain/arm/arm-gnu-toolchain/bin/../lib/gcc/arm-none-eabi/6.3.1/../../../../arm-none-eabi/lib/thumb/v6-m\libc_nano.a(lib_a-init.o)
                0x00003874                __libc_init_array
 .text.malloc   0x000038bc       0x14 c:/program files (x86)/atmel/studio/7.0/toolchain/arm/arm-gnu-toolchain/bin/../lib/gcc/arm-none-eabi/6.3.1/../../../../arm-none-eabi/lib/thumb/v6-m\libc_nano.a(lib_a-malloc.o)
                0x000038bc                malloc
 .text.memcpy   0x000038d0       0x12 c:/program files (x86)/atmel/studio/7.0/toolchain/arm/arm-gnu-toolchain/bin/../lib/gcc/arm-none-eabi/6.3.1/../../../../arm-none-eabi/lib/thumb/v6-m\libc_nano.a(lib_a-memcpy-stub.o)
                0x000038d0                memcpy
 .text.memset   0x000038e2       0x10 c:/program files (x86)/atmel/studio/7.0/toolchain/arm/arm-gnu-toolchain/bin/../lib/gcc/arm-none-eabi/6.3.1/../../../../arm-none-eabi/lib/thumb/v6-m\libc_nano.a(lib_a-memset.o)
                0x000038e2                memset
 *fill*         0x000038f2        0x2 
 .text._malloc_r
                0x000038f4       0xbc c:/program files (x86)/atmel/studio/7.0/toolchain/arm/arm-gnu-toolchain/bin/../lib/gcc/arm-none-eabi/6.3.1/../../../../arm-none-eabi/lib/thumb/v6-m\libc_nano.a(lib_a-nano-mallocr.o)
                0x000038f4                _malloc_r
 .text._sbrk_r  0x000039b0       0x24 c:/program files (x86)/atmel/studio/7.0/toolchain/arm/arm-gnu-toolchain/bin/../lib/gcc/arm-none-eabi/6.3.1/../../../../arm-none-eabi/lib/thumb/v6-m\libc_nano.a(lib_a-sbrkr.o)
                0x000039b0                _sbrk_r
 .text          0x000039d4        0xe c:/program files (x86)/atmel/studio/7.0/toolchain/arm/arm-gnu-toolchain/bin/../lib/gcc/arm-none-eabi/6.3.1/../../../../arm-none-eabi/lib/thumb/v6-m\libc_nano.a(lib_a-strlen.o)
                0x000039d4                strlen
 .text.__malloc_lock
                0x000039e2        0x2 c:/program files (x86)/atmel/studio/7.0/toolchain/arm/arm-gnu-toolchain/bin/../lib/gcc/arm-none-eabi/6.3.1/../../../../arm-none-eabi/lib/thumb/v6-m\libc_nano.a(lib_a-mlock.o)
                0x000039e2                __malloc_lock
 .text.__malloc_unlock
                0x000039e4        0x2 c:/program files (x86)/atmel/studio/7.0/toolchain/arm/arm-gnu-toolchain/bin/../lib/gcc/arm-none-eabi/6.3.1/../../../../arm-none-eabi/lib/thumb/v6-m\libc_nano.a(lib_a-mlock.o)
                0x000039e4                __malloc_unlock
 *fill*         0x000039e6        0x2 
 .text._sbrk    0x000039e8       0x1c c:/program files (x86)/atmel/studio/7.0/toolchain/arm/arm-gnu-toolchain/bin/../lib/gcc/arm-none-eabi/6.3.1/../../../../arm-none-eabi/lib/thumb/v6-m\libnosys.a(sbrk.o)
                0x000039e8                _sbrk
 *(.init)
 .init          0x00003a04        0x4 c:/program files (x86)/atmel/studio/7.0/toolchain/arm/arm-gnu-toolchain/bin/../lib/gcc/arm-none-eabi/6.3.1/thumb/v6-m/crti.o
                0x00003a04                _init
 .init          0x00003a08        0x8 c:/program files (x86)/atmel/studio/7.0/toolchain/arm/arm-gnu-toolchain/bin/../lib/gcc/arm-none-eabi/6.3.1/thumb/v6-m/crtn.o
 *(.fini)
 .fini          0x00003a10        0x4 c:/program files (x86)/atmel/studio/7.0/toolchain/arm/arm-gnu-toolchain/bin/../lib/gcc/arm-none-eabi/6.3.1/thumb/v6-m/crti.o
                0x00003a10                _fini
 .fini          0x00003a14        0x8 c:/program files (x86)/atmel/studio/7.0/toolchain/arm/arm-gnu-toolchain/bin/../lib/gcc/arm-none-eabi/6.3.1/thumb/v6-m/crtn.o
 *crtbegin.o(.ctors)
 *crtbegin?.o(.ctors)
 *(EXCLUDE_FILE(*crtend.o *crtend?.o) .ctors)
 *(SORT(.ctors.*))
 *(.ctors)
 *crtbegin.o(.dtors)
 *crtbegin?.o(.dtors)
 *(EXCLUDE_FILE(*crtend.o *crtend?.o) .dtors)
 *(SORT(.dtors.*))
 *(.dtors)
 *(.rodata*)
 .rodata        0x00003a1c      0x100 PCB_LED.o
 .rodata._ZTV26DoubleBufferedEPOutHandler
                0x00003b1c       0x14 C:\Users\wes\GOOGLE~1\trab\VENICE~1\Firmware\VENICE~1\VENICE~1\VENICE~1\ARDUIN~1\Debug\libArduinoCore.a(USBCore.o)
                0x00003b1c                vtable for DoubleBufferedEPOutHandler
 .rodata._ZL14STRING_PRODUCT
                0x00003b30        0xd C:\Users\wes\GOOGLE~1\trab\VENICE~1\Firmware\VENICE~1\VENICE~1\VENICE~1\ARDUIN~1\Debug\libArduinoCore.a(USBCore.o)
 *fill*         0x00003b3d        0x1 
 .rodata._ZL15STRING_LANGUAGE
                0x00003b3e        0x4 C:\Users\wes\GOOGLE~1\trab\VENICE~1\Firmware\VENICE~1\VENICE~1\VENICE~1\ARDUIN~1\Debug\libArduinoCore.a(USBCore.o)
 .rodata._ZL19STRING_MANUFACTURER
                0x00003b42        0xc C:\Users\wes\GOOGLE~1\trab\VENICE~1\Firmware\VENICE~1\VENICE~1\VENICE~1\ARDUIN~1\Debug\libArduinoCore.a(USBCore.o)
 .rodata._ZL21USB_DeviceDescriptorB
                0x00003b4e       0x12 C:\Users\wes\GOOGLE~1\trab\VENICE~1\Firmware\VENICE~1\VENICE~1\VENICE~1\ARDUIN~1\Debug\libArduinoCore.a(USBCore.o)
 .rodata        0x00003b60       0x10 C:\Users\wes\GOOGLE~1\trab\VENICE~1\Firmware\VENICE~1\VENICE~1\VENICE~1\ARDUIN~1\Debug\libArduinoCore.a(wiring_analog.o)
 .rodata.g_APinDescription
                0x00003b70      0x420 C:\Users\wes\GOOGLE~1\trab\VENICE~1\Firmware\VENICE~1\VENICE~1\VENICE~1\ARDUIN~1\Debug\libArduinoCore.a(variant.o)
                0x00003b70                g_APinDescription
 .rodata._ZTV4Uart
                0x00003f90       0x34 C:\Users\wes\GOOGLE~1\trab\VENICE~1\Firmware\VENICE~1\VENICE~1\VENICE~1\ARDUIN~1\Debug\libArduinoCore.a(Uart.o)
                0x00003f90                vtable for Uart
 .rodata._ZTV7Serial_
                0x00003fc4       0x24 C:\Users\wes\GOOGLE~1\trab\VENICE~1\Firmware\VENICE~1\VENICE~1\VENICE~1\ARDUIN~1\Debug\libArduinoCore.a(CDC.o)
                0x00003fc4                vtable for Serial_
 .rodata        0x00003fe8       0x40 c:/program files (x86)/atmel/studio/7.0/toolchain/arm/arm-gnu-toolchain/bin/../lib/gcc/arm-none-eabi/6.3.1/thumb/v6-m\libgcc.a(mulsf3.o)
 *(.eh_frame*)
 .eh_frame      0x00004028        0x0 c:/program files (x86)/atmel/studio/7.0/toolchain/arm/arm-gnu-toolchain/bin/../lib/gcc/arm-none-eabi/6.3.1/thumb/v6-m/crtbegin.o
 .eh_frame      0x00004028        0x4 c:/program files (x86)/atmel/studio/7.0/toolchain/arm/arm-gnu-toolchain/bin/../lib/gcc/arm-none-eabi/6.3.1/thumb/v6-m/crtend.o

.glue_7         0x0000402c        0x0
 .glue_7        0x0000402c        0x0 linker stubs

.glue_7t        0x0000402c        0x0
 .glue_7t       0x0000402c        0x0 linker stubs

.vfp11_veneer   0x0000402c        0x0
 .vfp11_veneer  0x0000402c        0x0 linker stubs

.v4_bx          0x0000402c        0x0
 .v4_bx         0x0000402c        0x0 linker stubs

.iplt           0x0000402c        0x0
 .iplt          0x0000402c        0x0 c:/program files (x86)/atmel/studio/7.0/toolchain/arm/arm-gnu-toolchain/bin/../lib/gcc/arm-none-eabi/6.3.1/thumb/v6-m/crtbegin.o

.rel.dyn        0x0000402c        0x0
 .rel.iplt      0x0000402c        0x0 c:/program files (x86)/atmel/studio/7.0/toolchain/arm/arm-gnu-toolchain/bin/../lib/gcc/arm-none-eabi/6.3.1/thumb/v6-m/crtbegin.o

.ARM.extab
 *(.ARM.extab* .gnu.linkonce.armextab.*)
                0x0000402c                __exidx_start = .

.ARM.exidx
 *(.ARM.exidx* .gnu.linkonce.armexidx.*)
                0x0000402c                __exidx_end = .
                0x0000402c                __etext = .

.data           0x20000000      0x130 load address 0x0000402c
                0x20000000                __data_start__ = .
 *(vtable)
 *(.data*)
 .data.fan1inf  0x20000000        0x1 Sketch.o
                0x20000000                fan1inf
 .data.fan2inf  0x20000001        0x1 Sketch.o
                0x20000001                fan2inf
 .data.fan3inf  0x20000002        0x1 Sketch.o
                0x20000002                fan3inf
 *fill*         0x20000003        0x1 
 .data._ZL5ticks
                0x20000004        0x4 C:\Users\wes\GOOGLE~1\trab\VENICE~1\Firmware\VENICE~1\VENICE~1\VENICE~1\ARDUIN~1\Debug\libArduinoCore.a(Reset.o)
 .data.EndPoints
                0x20000008       0x28 C:\Users\wes\GOOGLE~1\trab\VENICE~1\Firmware\VENICE~1\VENICE~1\VENICE~1\ARDUIN~1\Debug\libArduinoCore.a(USBCore.o)
                0x20000008                EndPoints
 .data.SystemCoreClock
                0x20000030        0x4 C:\Users\wes\GOOGLE~1\trab\VENICE~1\Firmware\VENICE~1\VENICE~1\VENICE~1\ARDUIN~1\Debug\libArduinoCore.a(wiring.o)
                0x20000030                SystemCoreClock
 .data._ADCResolution
                0x20000034        0x4 C:\Users\wes\GOOGLE~1\trab\VENICE~1\Firmware\VENICE~1\VENICE~1\VENICE~1\ARDUIN~1\Debug\libArduinoCore.a(wiring_analog.o)
 .data._readResolution
                0x20000038        0x4 C:\Users\wes\GOOGLE~1\trab\VENICE~1\Firmware\VENICE~1\VENICE~1\VENICE~1\ARDUIN~1\Debug\libArduinoCore.a(wiring_analog.o)
 .data._writeResolution
                0x2000003c        0x4 C:\Users\wes\GOOGLE~1\trab\VENICE~1\Firmware\VENICE~1\VENICE~1\VENICE~1\ARDUIN~1\Debug\libArduinoCore.a(wiring_analog.o)
 .data.g_apTCInstances
                0x20000040       0x18 C:\Users\wes\GOOGLE~1\trab\VENICE~1\Firmware\VENICE~1\VENICE~1\VENICE~1\ARDUIN~1\Debug\libArduinoCore.a(variant.o)
                0x20000040                g_apTCInstances
 .data._ZL10breakValue
                0x20000058        0x4 C:\Users\wes\GOOGLE~1\trab\VENICE~1\Firmware\VENICE~1\VENICE~1\VENICE~1\ARDUIN~1\Debug\libArduinoCore.a(CDC.o)
 .data._ZL12_usbLineInfo
                0x2000005c        0x8 C:\Users\wes\GOOGLE~1\trab\VENICE~1\Firmware\VENICE~1\VENICE~1\VENICE~1\ARDUIN~1\Debug\libArduinoCore.a(CDC.o)
 .data._ZL13_cdcInterface
                0x20000064       0x42 C:\Users\wes\GOOGLE~1\trab\VENICE~1\Firmware\VENICE~1\VENICE~1\VENICE~1\ARDUIN~1\Debug\libArduinoCore.a(CDC.o)
 *fill*         0x200000a6        0x2 
 .data._serialPeek
                0x200000a8        0x4 C:\Users\wes\GOOGLE~1\trab\VENICE~1\Firmware\VENICE~1\VENICE~1\VENICE~1\ARDUIN~1\Debug\libArduinoCore.a(CDC.o)
                0x200000a8                _serialPeek
 .data._impure_ptr
                0x200000ac        0x4 c:/program files (x86)/atmel/studio/7.0/toolchain/arm/arm-gnu-toolchain/bin/../lib/gcc/arm-none-eabi/6.3.1/../../../../arm-none-eabi/lib/thumb/v6-m\libc_nano.a(lib_a-impure.o)
                0x200000ac                _impure_ptr
 .data.impure_data
                0x200000b0       0x60 c:/program files (x86)/atmel/studio/7.0/toolchain/arm/arm-gnu-toolchain/bin/../lib/gcc/arm-none-eabi/6.3.1/../../../../arm-none-eabi/lib/thumb/v6-m\libc_nano.a(lib_a-impure.o)
                0x20000110                . = ALIGN (0x4)
                0x20000110                PROVIDE (__preinit_array_start, .)
 *(.preinit_array)
                0x20000110                PROVIDE (__preinit_array_end, .)
                0x20000110                . = ALIGN (0x4)
                0x20000110                PROVIDE (__init_array_start, .)
 *(SORT(.init_array.*))
 *(.init_array)
 .init_array    0x20000110        0x4 c:/program files (x86)/atmel/studio/7.0/toolchain/arm/arm-gnu-toolchain/bin/../lib/gcc/arm-none-eabi/6.3.1/thumb/v6-m/crtbegin.o
 .init_array    0x20000114        0x4 Sketch.o
 .init_array    0x20000118        0x4 C:\Users\wes\GOOGLE~1\trab\VENICE~1\Firmware\VENICE~1\VENICE~1\VENICE~1\ARDUIN~1\Debug\libArduinoCore.a(USBCore.o)
 .init_array    0x2000011c        0x4 C:\Users\wes\GOOGLE~1\trab\VENICE~1\Firmware\VENICE~1\VENICE~1\VENICE~1\ARDUIN~1\Debug\libArduinoCore.a(variant.o)
 .init_array    0x20000120        0x4 C:\Users\wes\GOOGLE~1\trab\VENICE~1\Firmware\VENICE~1\VENICE~1\VENICE~1\ARDUIN~1\Debug\libArduinoCore.a(CDC.o)
                0x20000124                PROVIDE (__init_array_end, .)
                0x20000124                . = ALIGN (0x4)
                [!provide]                PROVIDE (__fini_array_start, .)
 *(SORT(.fini_array.*))
 *(.fini_array)
 .fini_array    0x20000124        0x4 c:/program files (x86)/atmel/studio/7.0/toolchain/arm/arm-gnu-toolchain/bin/../lib/gcc/arm-none-eabi/6.3.1/thumb/v6-m/crtbegin.o
                [!provide]                PROVIDE (__fini_array_end, .)
 *(.jcr*)
 .jcr           0x20000128        0x0 c:/program files (x86)/atmel/studio/7.0/toolchain/arm/arm-gnu-toolchain/bin/../lib/gcc/arm-none-eabi/6.3.1/thumb/v6-m/crtbegin.o
 .jcr           0x20000128        0x4 c:/program files (x86)/atmel/studio/7.0/toolchain/arm/arm-gnu-toolchain/bin/../lib/gcc/arm-none-eabi/6.3.1/thumb/v6-m/crtend.o
                0x20000130                . = ALIGN (0x10)
 *fill*         0x2000012c        0x4 
                0x20000130                __data_end__ = .

.igot.plt       0x20000130        0x0 load address 0x0000415c
 .igot.plt      0x20000130        0x0 c:/program files (x86)/atmel/studio/7.0/toolchain/arm/arm-gnu-toolchain/bin/../lib/gcc/arm-none-eabi/6.3.1/thumb/v6-m/crtbegin.o

.bss            0x20000130      0xdac load address 0x0000415c
                0x20000130                . = ALIGN (0x4)
                0x20000130                __bss_start__ = .
 *(.bss*)
 .bss           0x20000130       0x1c c:/program files (x86)/atmel/studio/7.0/toolchain/arm/arm-gnu-toolchain/bin/../lib/gcc/arm-none-eabi/6.3.1/thumb/v6-m/crtbegin.o
 .bss.dist1     0x2000014c      0x1b4 Sketch.o
                0x2000014c                dist1
 .bss.dist2     0x20000300      0x1b4 Sketch.o
                0x20000300                dist2
 .bss.fan1      0x200004b4       0x14 Sketch.o
                0x200004b4                fan1
 .bss.fan2      0x200004c8       0x14 Sketch.o
                0x200004c8                fan2
 .bss.fan3      0x200004dc       0x14 Sketch.o
                0x200004dc                fan3
 .bss.fbLED1    0x200004f0      0x120 Sketch.o
                0x200004f0                fbLED1
 .bss.fbLED2    0x20000610      0x120 Sketch.o
                0x20000610                fbLED2
 .bss.holdStarted
                0x20000730        0x1 Sketch.o
                0x20000730                holdStarted
 *fill*         0x20000731        0x3 
 .bss.state     0x20000734        0x4 Sketch.o
                0x20000734                state
 .bss.state0Millis
                0x20000738        0x4 Sketch.o
                0x20000738                state0Millis
 .bss.state0Waiting
                0x2000073c        0x1 Sketch.o
                0x2000073c                state0Waiting
 *fill*         0x2000073d        0x3 
 .bss.state1Millis
                0x20000740        0x4 Sketch.o
                0x20000740                state1Millis
 .bss.state1Waiting
                0x20000744        0x1 Sketch.o
                0x20000744                state1Waiting
 *fill*         0x20000745        0x3 
 .bss.usb_isr   0x20000748        0x4 C:\Users\wes\GOOGLE~1\trab\VENICE~1\Firmware\VENICE~1\VENICE~1\VENICE~1\ARDUIN~1\Debug\libArduinoCore.a(cortex_handlers.o)
 .bss._ulTickCount
                0x2000074c        0x4 C:\Users\wes\GOOGLE~1\trab\VENICE~1\Firmware\VENICE~1\VENICE~1\VENICE~1\ARDUIN~1\Debug\libArduinoCore.a(delay.o)
 .bss.USBDevice
                0x20000750        0x1 C:\Users\wes\GOOGLE~1\trab\VENICE~1\Firmware\VENICE~1\VENICE~1\VENICE~1\ARDUIN~1\Debug\libArduinoCore.a(USBCore.o)
                0x20000750                USBDevice
 *fill*         0x20000751        0x3 
 .bss._ZL10epHandlers
                0x20000754       0x1c C:\Users\wes\GOOGLE~1\trab\VENICE~1\Firmware\VENICE~1\VENICE~1\VENICE~1\ARDUIN~1\Debug\libArduinoCore.a(USBCore.o)
 .bss._ZL10rxLEDPulse
                0x20000770        0x1 C:\Users\wes\GOOGLE~1\trab\VENICE~1\Firmware\VENICE~1\VENICE~1\VENICE~1\ARDUIN~1\Debug\libArduinoCore.a(USBCore.o)
 .bss._ZL10txLEDPulse
                0x20000771        0x1 C:\Users\wes\GOOGLE~1\trab\VENICE~1\Firmware\VENICE~1\VENICE~1\VENICE~1\ARDUIN~1\Debug\libArduinoCore.a(USBCore.o)
 .bss._ZL14isEndpointHalt
                0x20000772        0x1 C:\Users\wes\GOOGLE~1\trab\VENICE~1\Firmware\VENICE~1\VENICE~1\VENICE~1\ARDUIN~1\Debug\libArduinoCore.a(USBCore.o)
 .bss._ZL20LastTransmitTimedOut
                0x20000773        0x7 C:\Users\wes\GOOGLE~1\trab\VENICE~1\Firmware\VENICE~1\VENICE~1\VENICE~1\ARDUIN~1\Debug\libArduinoCore.a(USBCore.o)
 .bss._ZL21isRemoteWakeUpEnabled
                0x2000077a        0x1 C:\Users\wes\GOOGLE~1\trab\VENICE~1\Firmware\VENICE~1\VENICE~1\VENICE~1\ARDUIN~1\Debug\libArduinoCore.a(USBCore.o)
 *fill*         0x2000077b        0x1 
 .bss._ZL22udd_ep_in_cache_buffer
                0x2000077c      0x1c0 C:\Users\wes\GOOGLE~1\trab\VENICE~1\Firmware\VENICE~1\VENICE~1\VENICE~1\ARDUIN~1\Debug\libArduinoCore.a(USBCore.o)
 .bss._ZL23udd_ep_out_cache_buffer
                0x2000093c      0x1c0 C:\Users\wes\GOOGLE~1\trab\VENICE~1\Firmware\VENICE~1\VENICE~1\VENICE~1\ARDUIN~1\Debug\libArduinoCore.a(USBCore.o)
 .bss._dry_run  0x20000afc        0x1 C:\Users\wes\GOOGLE~1\trab\VENICE~1\Firmware\VENICE~1\VENICE~1\VENICE~1\ARDUIN~1\Debug\libArduinoCore.a(USBCore.o)
                0x20000afc                _dry_run
 .bss._pack_buffer
                0x20000afd      0x100 C:\Users\wes\GOOGLE~1\trab\VENICE~1\Firmware\VENICE~1\VENICE~1\VENICE~1\ARDUIN~1\Debug\libArduinoCore.a(USBCore.o)
                0x20000afd                _pack_buffer
 .bss._pack_message
                0x20000bfd        0x1 C:\Users\wes\GOOGLE~1\trab\VENICE~1\Firmware\VENICE~1\VENICE~1\VENICE~1\ARDUIN~1\Debug\libArduinoCore.a(USBCore.o)
                0x20000bfd                _pack_message
 .bss._pack_size
                0x20000bfe        0x2 C:\Users\wes\GOOGLE~1\trab\VENICE~1\Firmware\VENICE~1\VENICE~1\VENICE~1\ARDUIN~1\Debug\libArduinoCore.a(USBCore.o)
                0x20000bfe                _pack_size
 .bss._usbConfiguration
                0x20000c00        0x4 C:\Users\wes\GOOGLE~1\trab\VENICE~1\Firmware\VENICE~1\VENICE~1\VENICE~1\ARDUIN~1\Debug\libArduinoCore.a(USBCore.o)
                0x20000c00                _usbConfiguration
 .bss._usbSetInterface
                0x20000c04        0x4 C:\Users\wes\GOOGLE~1\trab\VENICE~1\Firmware\VENICE~1\VENICE~1\VENICE~1\ARDUIN~1\Debug\libArduinoCore.a(USBCore.o)
                0x20000c04                _usbSetInterface
 .bss.usbd      0x20000c08      0x104 C:\Users\wes\GOOGLE~1\trab\VENICE~1\Firmware\VENICE~1\VENICE~1\VENICE~1\ARDUIN~1\Debug\libArduinoCore.a(USBCore.o)
                0x20000c08                usbd
 .bss.tcEnabled.12554
                0x20000d0c        0x6 C:\Users\wes\GOOGLE~1\trab\VENICE~1\Firmware\VENICE~1\VENICE~1\VENICE~1\ARDUIN~1\Debug\libArduinoCore.a(wiring_analog.o)
 *fill*         0x20000d12        0x2 
 .bss.Serial    0x20000d14       0xbc C:\Users\wes\GOOGLE~1\trab\VENICE~1\Firmware\VENICE~1\VENICE~1\VENICE~1\ARDUIN~1\Debug\libArduinoCore.a(variant.o)
                0x20000d14                Serial
 .bss.Serial1   0x20000dd0       0xbc C:\Users\wes\GOOGLE~1\trab\VENICE~1\Firmware\VENICE~1\VENICE~1\VENICE~1\ARDUIN~1\Debug\libArduinoCore.a(variant.o)
                0x20000dd0                Serial1
 .bss.sercom0   0x20000e8c        0x4 C:\Users\wes\GOOGLE~1\trab\VENICE~1\Firmware\VENICE~1\VENICE~1\VENICE~1\ARDUIN~1\Debug\libArduinoCore.a(variant.o)
                0x20000e8c                sercom0
 .bss.sercom1   0x20000e90        0x4 C:\Users\wes\GOOGLE~1\trab\VENICE~1\Firmware\VENICE~1\VENICE~1\VENICE~1\ARDUIN~1\Debug\libArduinoCore.a(variant.o)
                0x20000e90                sercom1
 .bss.sercom2   0x20000e94        0x4 C:\Users\wes\GOOGLE~1\trab\VENICE~1\Firmware\VENICE~1\VENICE~1\VENICE~1\ARDUIN~1\Debug\libArduinoCore.a(variant.o)
                0x20000e94                sercom2
 .bss.sercom3   0x20000e98        0x4 C:\Users\wes\GOOGLE~1\trab\VENICE~1\Firmware\VENICE~1\VENICE~1\VENICE~1\ARDUIN~1\Debug\libArduinoCore.a(variant.o)
                0x20000e98                sercom3
 .bss.sercom4   0x20000e9c        0x4 C:\Users\wes\GOOGLE~1\trab\VENICE~1\Firmware\VENICE~1\VENICE~1\VENICE~1\ARDUIN~1\Debug\libArduinoCore.a(variant.o)
                0x20000e9c                sercom4
 .bss.sercom5   0x20000ea0        0x4 C:\Users\wes\GOOGLE~1\trab\VENICE~1\Firmware\VENICE~1\VENICE~1\VENICE~1\ARDUIN~1\Debug\libArduinoCore.a(variant.o)
                0x20000ea0                sercom5
 .bss.SerialUSB
                0x20000ea4       0x1c C:\Users\wes\GOOGLE~1\trab\VENICE~1\Firmware\VENICE~1\VENICE~1\VENICE~1\ARDUIN~1\Debug\libArduinoCore.a(CDC.o)
                0x20000ea4                SerialUSB
 .bss._ZGVZ12PluggableUSBvE3obj
                0x20000ec0        0x4 C:\Users\wes\GOOGLE~1\trab\VENICE~1\Firmware\VENICE~1\VENICE~1\VENICE~1\ARDUIN~1\Debug\libArduinoCore.a(PluggableUSB.o)
 .bss._ZZ12PluggableUSBvE3obj
                0x20000ec4        0x8 C:\Users\wes\GOOGLE~1\trab\VENICE~1\Firmware\VENICE~1\VENICE~1\VENICE~1\ARDUIN~1\Debug\libArduinoCore.a(PluggableUSB.o)
 .bss.__malloc_free_list
                0x20000ecc        0x4 c:/program files (x86)/atmel/studio/7.0/toolchain/arm/arm-gnu-toolchain/bin/../lib/gcc/arm-none-eabi/6.3.1/../../../../arm-none-eabi/lib/thumb/v6-m\libc_nano.a(lib_a-nano-mallocr.o)
                0x20000ecc                __malloc_free_list
 .bss.__malloc_sbrk_start
                0x20000ed0        0x4 c:/program files (x86)/atmel/studio/7.0/toolchain/arm/arm-gnu-toolchain/bin/../lib/gcc/arm-none-eabi/6.3.1/../../../../arm-none-eabi/lib/thumb/v6-m\libc_nano.a(lib_a-nano-mallocr.o)
                0x20000ed0                __malloc_sbrk_start
 .bss.heap_end.4116
                0x20000ed4        0x4 c:/program files (x86)/atmel/studio/7.0/toolchain/arm/arm-gnu-toolchain/bin/../lib/gcc/arm-none-eabi/6.3.1/../../../../arm-none-eabi/lib/thumb/v6-m\libnosys.a(sbrk.o)
 *(COMMON)
 COMMON         0x20000ed8        0x4 c:/program files (x86)/atmel/studio/7.0/toolchain/arm/arm-gnu-toolchain/bin/../lib/gcc/arm-none-eabi/6.3.1/../../../../arm-none-eabi/lib/thumb/v6-m\libc_nano.a(lib_a-reent.o)
                0x20000ed8                errno
                0x20000edc                . = ALIGN (0x4)
                0x20000edc                __bss_end__ = .

.heap           0x20000edc        0x0
                0x20000edc                __end__ = .
                0x20000edc                PROVIDE (end, .)
 *(.heap*)
                0x20000edc                __HeapLimit = .

.stack_dummy    0x20000edc        0x0
 *(.stack*)
                0x20008000                __StackTop = (ORIGIN (RAM) + LENGTH (RAM))
                0x20008000                __StackLimit = (__StackTop - SIZEOF (.stack_dummy))
                0x20008000                PROVIDE (__stack, __StackTop)
                0x20007fff                __ram_end__ = ((ORIGIN (RAM) + LENGTH (RAM)) - 0x1)
                0x00000001                ASSERT ((__StackLimit >= __HeapLimit), region RAM overflowed with stack)
OUTPUT(veniceBienale-prototype.elf elf32-littlearm)

.ARM.attributes
                0x00000000       0x28
 .ARM.attributes
                0x00000000       0x1e c:/program files (x86)/atmel/studio/7.0/toolchain/arm/arm-gnu-toolchain/bin/../lib/gcc/arm-none-eabi/6.3.1/thumb/v6-m/crti.o
 .ARM.attributes
                0x0000001e       0x2c c:/program files (x86)/atmel/studio/7.0/toolchain/arm/arm-gnu-toolchain/bin/../lib/gcc/arm-none-eabi/6.3.1/thumb/v6-m/crtbegin.o
 .ARM.attributes
                0x0000004a       0x32 FanChannel.o
 .ARM.attributes
                0x0000007c       0x32 IRIn.o
 .ARM.attributes
                0x000000ae       0x32 PCB_LED.o
 .ARM.attributes
                0x000000e0       0x32 Sketch.o
 .ARM.attributes
                0x00000112       0x32 C:\Users\wes\GOOGLE~1\trab\VENICE~1\Firmware\VENICE~1\VENICE~1\VENICE~1\ARDUIN~1\Debug\libArduinoCore.a(cortex_handlers.o)
 .ARM.attributes
                0x00000144       0x32 C:\Users\wes\GOOGLE~1\trab\VENICE~1\Firmware\VENICE~1\VENICE~1\VENICE~1\ARDUIN~1\Debug\libArduinoCore.a(delay.o)
 .ARM.attributes
                0x00000176       0x32 C:\Users\wes\GOOGLE~1\trab\VENICE~1\Firmware\VENICE~1\VENICE~1\VENICE~1\ARDUIN~1\Debug\libArduinoCore.a(hooks.o)
 .ARM.attributes
                0x000001a8       0x32 C:\Users\wes\GOOGLE~1\trab\VENICE~1\Firmware\VENICE~1\VENICE~1\VENICE~1\ARDUIN~1\Debug\libArduinoCore.a(main.o)
 .ARM.attributes
                0x000001da       0x32 C:\Users\wes\GOOGLE~1\trab\VENICE~1\Firmware\VENICE~1\VENICE~1\VENICE~1\ARDUIN~1\Debug\libArduinoCore.a(Reset.o)
 .ARM.attributes
                0x0000020c       0x32 C:\Users\wes\GOOGLE~1\trab\VENICE~1\Firmware\VENICE~1\VENICE~1\VENICE~1\ARDUIN~1\Debug\libArduinoCore.a(startup.o)
 .ARM.attributes
                0x0000023e       0x32 C:\Users\wes\GOOGLE~1\trab\VENICE~1\Firmware\VENICE~1\VENICE~1\VENICE~1\ARDUIN~1\Debug\libArduinoCore.a(USBCore.o)
 .ARM.attributes
                0x00000270       0x32 C:\Users\wes\GOOGLE~1\trab\VENICE~1\Firmware\VENICE~1\VENICE~1\VENICE~1\ARDUIN~1\Debug\libArduinoCore.a(wiring.o)
 .ARM.attributes
                0x000002a2       0x32 C:\Users\wes\GOOGLE~1\trab\VENICE~1\Firmware\VENICE~1\VENICE~1\VENICE~1\ARDUIN~1\Debug\libArduinoCore.a(wiring_analog.o)
 .ARM.attributes
                0x000002d4       0x32 C:\Users\wes\GOOGLE~1\trab\VENICE~1\Firmware\VENICE~1\VENICE~1\VENICE~1\ARDUIN~1\Debug\libArduinoCore.a(wiring_digital.o)
 .ARM.attributes
                0x00000306       0x32 C:\Users\wes\GOOGLE~1\trab\VENICE~1\Firmware\VENICE~1\VENICE~1\VENICE~1\ARDUIN~1\Debug\libArduinoCore.a(wiring_private.o)
 .ARM.attributes
                0x00000338       0x32 C:\Users\wes\GOOGLE~1\trab\VENICE~1\Firmware\VENICE~1\VENICE~1\VENICE~1\ARDUIN~1\Debug\libArduinoCore.a(variant.o)
 .ARM.attributes
                0x0000036a       0x32 C:\Users\wes\GOOGLE~1\trab\VENICE~1\Firmware\VENICE~1\VENICE~1\VENICE~1\ARDUIN~1\Debug\libArduinoCore.a(new.o)
 .ARM.attributes
                0x0000039c       0x32 C:\Users\wes\GOOGLE~1\trab\VENICE~1\Firmware\VENICE~1\VENICE~1\VENICE~1\ARDUIN~1\Debug\libArduinoCore.a(SERCOM.o)
 .ARM.attributes
                0x000003ce       0x32 C:\Users\wes\GOOGLE~1\trab\VENICE~1\Firmware\VENICE~1\VENICE~1\VENICE~1\ARDUIN~1\Debug\libArduinoCore.a(Uart.o)
 .ARM.attributes
                0x00000400       0x32 C:\Users\wes\GOOGLE~1\trab\VENICE~1\Firmware\VENICE~1\VENICE~1\VENICE~1\ARDUIN~1\Debug\libArduinoCore.a(CDC.o)
 .ARM.attributes
                0x00000432       0x32 C:\Users\wes\GOOGLE~1\trab\VENICE~1\Firmware\VENICE~1\VENICE~1\VENICE~1\ARDUIN~1\Debug\libArduinoCore.a(PluggableUSB.o)
 .ARM.attributes
                0x00000464       0x32 C:\Users\wes\GOOGLE~1\trab\VENICE~1\Firmware\VENICE~1\VENICE~1\VENICE~1\ARDUIN~1\Debug\libArduinoCore.a(Print.o)
 .ARM.attributes
                0x00000496       0x1e c:/program files (x86)/atmel/studio/7.0/toolchain/arm/arm-gnu-toolchain/bin/../lib/gcc/arm-none-eabi/6.3.1/thumb/v6-m\libgcc.a(_thumb1_case_uqi.o)
 .ARM.attributes
                0x000004b4       0x1e c:/program files (x86)/atmel/studio/7.0/toolchain/arm/arm-gnu-toolchain/bin/../lib/gcc/arm-none-eabi/6.3.1/thumb/v6-m\libgcc.a(_udivsi3.o)
 .ARM.attributes
                0x000004d2       0x1e c:/program files (x86)/atmel/studio/7.0/toolchain/arm/arm-gnu-toolchain/bin/../lib/gcc/arm-none-eabi/6.3.1/thumb/v6-m\libgcc.a(_divsi3.o)
 .ARM.attributes
                0x000004f0       0x1e c:/program files (x86)/atmel/studio/7.0/toolchain/arm/arm-gnu-toolchain/bin/../lib/gcc/arm-none-eabi/6.3.1/thumb/v6-m\libgcc.a(_dvmd_tls.o)
 .ARM.attributes
                0x0000050e       0x1e c:/program files (x86)/atmel/studio/7.0/toolchain/arm/arm-gnu-toolchain/bin/../lib/gcc/arm-none-eabi/6.3.1/thumb/v6-m\libgcc.a(_arm_cmpsf2.o)
 .ARM.attributes
                0x0000052c       0x2c c:/program files (x86)/atmel/studio/7.0/toolchain/arm/arm-gnu-toolchain/bin/../lib/gcc/arm-none-eabi/6.3.1/thumb/v6-m\libgcc.a(addsf3.o)
 .ARM.attributes
                0x00000558       0x2c c:/program files (x86)/atmel/studio/7.0/toolchain/arm/arm-gnu-toolchain/bin/../lib/gcc/arm-none-eabi/6.3.1/thumb/v6-m\libgcc.a(eqsf2.o)
 .ARM.attributes
                0x00000584       0x2c c:/program files (x86)/atmel/studio/7.0/toolchain/arm/arm-gnu-toolchain/bin/../lib/gcc/arm-none-eabi/6.3.1/thumb/v6-m\libgcc.a(gesf2.o)
 .ARM.attributes
                0x000005b0       0x2c c:/program files (x86)/atmel/studio/7.0/toolchain/arm/arm-gnu-toolchain/bin/../lib/gcc/arm-none-eabi/6.3.1/thumb/v6-m\libgcc.a(lesf2.o)
 .ARM.attributes
                0x000005dc       0x2c c:/program files (x86)/atmel/studio/7.0/toolchain/arm/arm-gnu-toolchain/bin/../lib/gcc/arm-none-eabi/6.3.1/thumb/v6-m\libgcc.a(mulsf3.o)
 .ARM.attributes
                0x00000608       0x2c c:/program files (x86)/atmel/studio/7.0/toolchain/arm/arm-gnu-toolchain/bin/../lib/gcc/arm-none-eabi/6.3.1/thumb/v6-m\libgcc.a(subsf3.o)
 .ARM.attributes
                0x00000634       0x2c c:/program files (x86)/atmel/studio/7.0/toolchain/arm/arm-gnu-toolchain/bin/../lib/gcc/arm-none-eabi/6.3.1/thumb/v6-m\libgcc.a(floatsisf.o)
 .ARM.attributes
                0x00000660       0x2c c:/program files (x86)/atmel/studio/7.0/toolchain/arm/arm-gnu-toolchain/bin/../lib/gcc/arm-none-eabi/6.3.1/thumb/v6-m\libgcc.a(floatunsisf.o)
 .ARM.attributes
                0x0000068c       0x1e c:/program files (x86)/atmel/studio/7.0/toolchain/arm/arm-gnu-toolchain/bin/../lib/gcc/arm-none-eabi/6.3.1/thumb/v6-m\libgcc.a(_clzsi2.o)
 .ARM.attributes
                0x000006aa       0x2c c:/program files (x86)/atmel/studio/7.0/toolchain/arm/arm-gnu-toolchain/bin/../lib/gcc/arm-none-eabi/6.3.1/../../../../arm-none-eabi/lib/thumb/v6-m\libc_nano.a(lib_a-impure.o)
 .ARM.attributes
                0x000006d6       0x2c c:/program files (x86)/atmel/studio/7.0/toolchain/arm/arm-gnu-toolchain/bin/../lib/gcc/arm-none-eabi/6.3.1/../../../../arm-none-eabi/lib/thumb/v6-m\libc_nano.a(lib_a-init.o)
 .ARM.attributes
                0x00000702       0x2c c:/program files (x86)/atmel/studio/7.0/toolchain/arm/arm-gnu-toolchain/bin/../lib/gcc/arm-none-eabi/6.3.1/../../../../arm-none-eabi/lib/thumb/v6-m\libc_nano.a(lib_a-malloc.o)
 .ARM.attributes
                0x0000072e       0x2c c:/program files (x86)/atmel/studio/7.0/toolchain/arm/arm-gnu-toolchain/bin/../lib/gcc/arm-none-eabi/6.3.1/../../../../arm-none-eabi/lib/thumb/v6-m\libc_nano.a(lib_a-memcpy-stub.o)
 .ARM.attributes
                0x0000075a       0x2c c:/program files (x86)/atmel/studio/7.0/toolchain/arm/arm-gnu-toolchain/bin/../lib/gcc/arm-none-eabi/6.3.1/../../../../arm-none-eabi/lib/thumb/v6-m\libc_nano.a(lib_a-memset.o)
 .ARM.attributes
                0x00000786       0x2c c:/program files (x86)/atmel/studio/7.0/toolchain/arm/arm-gnu-toolchain/bin/../lib/gcc/arm-none-eabi/6.3.1/../../../../arm-none-eabi/lib/thumb/v6-m\libc_nano.a(lib_a-nano-mallocr.o)
 .ARM.attributes
                0x000007b2       0x2c c:/program files (x86)/atmel/studio/7.0/toolchain/arm/arm-gnu-toolchain/bin/../lib/gcc/arm-none-eabi/6.3.1/../../../../arm-none-eabi/lib/thumb/v6-m\libc_nano.a(lib_a-sbrkr.o)
 .ARM.attributes
                0x000007de       0x1c c:/program files (x86)/atmel/studio/7.0/toolchain/arm/arm-gnu-toolchain/bin/../lib/gcc/arm-none-eabi/6.3.1/../../../../arm-none-eabi/lib/thumb/v6-m\libc_nano.a(lib_a-strlen.o)
 .ARM.attributes
                0x000007fa       0x2c c:/program files (x86)/atmel/studio/7.0/toolchain/arm/arm-gnu-toolchain/bin/../lib/gcc/arm-none-eabi/6.3.1/../../../../arm-none-eabi/lib/thumb/v6-m\libc_nano.a(lib_a-mlock.o)
 .ARM.attributes
                0x00000826       0x2c c:/program files (x86)/atmel/studio/7.0/toolchain/arm/arm-gnu-toolchain/bin/../lib/gcc/arm-none-eabi/6.3.1/../../../../arm-none-eabi/lib/thumb/v6-m\libc_nano.a(lib_a-reent.o)
 .ARM.attributes
                0x00000852       0x2c c:/program files (x86)/atmel/studio/7.0/toolchain/arm/arm-gnu-toolchain/bin/../lib/gcc/arm-none-eabi/6.3.1/../../../../arm-none-eabi/lib/thumb/v6-m\libnosys.a(sbrk.o)
 .ARM.attributes
                0x0000087e       0x2c c:/program files (x86)/atmel/studio/7.0/toolchain/arm/arm-gnu-toolchain/bin/../lib/gcc/arm-none-eabi/6.3.1/thumb/v6-m/crtend.o
 .ARM.attributes
                0x000008aa       0x1e c:/program files (x86)/atmel/studio/7.0/toolchain/arm/arm-gnu-toolchain/bin/../lib/gcc/arm-none-eabi/6.3.1/thumb/v6-m/crtn.o

.comment        0x00000000       0x59
 .comment       0x00000000       0x59 FanChannel.o
                                 0x5a (size before relaxing)
 .comment       0x00000059       0x5a IRIn.o
 .comment       0x00000059       0x5a PCB_LED.o
 .comment       0x00000059       0x5a Sketch.o
 .comment       0x00000059       0x5a C:\Users\wes\GOOGLE~1\trab\VENICE~1\Firmware\VENICE~1\VENICE~1\VENICE~1\ARDUIN~1\Debug\libArduinoCore.a(cortex_handlers.o)
 .comment       0x00000059       0x5a C:\Users\wes\GOOGLE~1\trab\VENICE~1\Firmware\VENICE~1\VENICE~1\VENICE~1\ARDUIN~1\Debug\libArduinoCore.a(delay.o)
 .comment       0x00000059       0x5a C:\Users\wes\GOOGLE~1\trab\VENICE~1\Firmware\VENICE~1\VENICE~1\VENICE~1\ARDUIN~1\Debug\libArduinoCore.a(hooks.o)
 .comment       0x00000059       0x5a C:\Users\wes\GOOGLE~1\trab\VENICE~1\Firmware\VENICE~1\VENICE~1\VENICE~1\ARDUIN~1\Debug\libArduinoCore.a(main.o)
 .comment       0x00000059       0x5a C:\Users\wes\GOOGLE~1\trab\VENICE~1\Firmware\VENICE~1\VENICE~1\VENICE~1\ARDUIN~1\Debug\libArduinoCore.a(Reset.o)
 .comment       0x00000059       0x5a C:\Users\wes\GOOGLE~1\trab\VENICE~1\Firmware\VENICE~1\VENICE~1\VENICE~1\ARDUIN~1\Debug\libArduinoCore.a(startup.o)
 .comment       0x00000059       0x5a C:\Users\wes\GOOGLE~1\trab\VENICE~1\Firmware\VENICE~1\VENICE~1\VENICE~1\ARDUIN~1\Debug\libArduinoCore.a(USBCore.o)
 .comment       0x00000059       0x5a C:\Users\wes\GOOGLE~1\trab\VENICE~1\Firmware\VENICE~1\VENICE~1\VENICE~1\ARDUIN~1\Debug\libArduinoCore.a(wiring.o)
 .comment       0x00000059       0x5a C:\Users\wes\GOOGLE~1\trab\VENICE~1\Firmware\VENICE~1\VENICE~1\VENICE~1\ARDUIN~1\Debug\libArduinoCore.a(wiring_analog.o)
 .comment       0x00000059       0x5a C:\Users\wes\GOOGLE~1\trab\VENICE~1\Firmware\VENICE~1\VENICE~1\VENICE~1\ARDUIN~1\Debug\libArduinoCore.a(wiring_digital.o)
 .comment       0x00000059       0x5a C:\Users\wes\GOOGLE~1\trab\VENICE~1\Firmware\VENICE~1\VENICE~1\VENICE~1\ARDUIN~1\Debug\libArduinoCore.a(wiring_private.o)
 .comment       0x00000059       0x5a C:\Users\wes\GOOGLE~1\trab\VENICE~1\Firmware\VENICE~1\VENICE~1\VENICE~1\ARDUIN~1\Debug\libArduinoCore.a(variant.o)
 .comment       0x00000059       0x5a C:\Users\wes\GOOGLE~1\trab\VENICE~1\Firmware\VENICE~1\VENICE~1\VENICE~1\ARDUIN~1\Debug\libArduinoCore.a(new.o)
 .comment       0x00000059       0x5a C:\Users\wes\GOOGLE~1\trab\VENICE~1\Firmware\VENICE~1\VENICE~1\VENICE~1\ARDUIN~1\Debug\libArduinoCore.a(SERCOM.o)
 .comment       0x00000059       0x5a C:\Users\wes\GOOGLE~1\trab\VENICE~1\Firmware\VENICE~1\VENICE~1\VENICE~1\ARDUIN~1\Debug\libArduinoCore.a(Uart.o)
 .comment       0x00000059       0x5a C:\Users\wes\GOOGLE~1\trab\VENICE~1\Firmware\VENICE~1\VENICE~1\VENICE~1\ARDUIN~1\Debug\libArduinoCore.a(CDC.o)
 .comment       0x00000059       0x5a C:\Users\wes\GOOGLE~1\trab\VENICE~1\Firmware\VENICE~1\VENICE~1\VENICE~1\ARDUIN~1\Debug\libArduinoCore.a(PluggableUSB.o)
 .comment       0x00000059       0x5a C:\Users\wes\GOOGLE~1\trab\VENICE~1\Firmware\VENICE~1\VENICE~1\VENICE~1\ARDUIN~1\Debug\libArduinoCore.a(Print.o)

.debug_info     0x00000000    0x5e69f
 .debug_info    0x00000000     0x4a92 FanChannel.o
 .debug_info    0x00004a92     0x4acf IRIn.o
 .debug_info    0x00009561     0x4a7d PCB_LED.o
 .debug_info    0x0000dfde     0x5232 Sketch.o
 .debug_info    0x00013210     0x1264 C:\Users\wes\GOOGLE~1\trab\VENICE~1\Firmware\VENICE~1\VENICE~1\VENICE~1\ARDUIN~1\Debug\libArduinoCore.a(cortex_handlers.o)
 .debug_info    0x00014474     0x14ab C:\Users\wes\GOOGLE~1\trab\VENICE~1\Firmware\VENICE~1\VENICE~1\VENICE~1\ARDUIN~1\Debug\libArduinoCore.a(delay.o)
 .debug_info    0x0001591f       0x72 C:\Users\wes\GOOGLE~1\trab\VENICE~1\Firmware\VENICE~1\VENICE~1\VENICE~1\ARDUIN~1\Debug\libArduinoCore.a(hooks.o)
 .debug_info    0x00015991     0x47ec C:\Users\wes\GOOGLE~1\trab\VENICE~1\Firmware\VENICE~1\VENICE~1\VENICE~1\ARDUIN~1\Debug\libArduinoCore.a(main.o)
 .debug_info    0x0001a17d     0x4dd2 C:\Users\wes\GOOGLE~1\trab\VENICE~1\Firmware\VENICE~1\VENICE~1\VENICE~1\ARDUIN~1\Debug\libArduinoCore.a(Reset.o)
 .debug_info    0x0001ef4f     0x3880 C:\Users\wes\GOOGLE~1\trab\VENICE~1\Firmware\VENICE~1\VENICE~1\VENICE~1\ARDUIN~1\Debug\libArduinoCore.a(startup.o)
 .debug_info    0x000227cf     0xc4f0 C:\Users\wes\GOOGLE~1\trab\VENICE~1\Firmware\VENICE~1\VENICE~1\VENICE~1\ARDUIN~1\Debug\libArduinoCore.a(USBCore.o)
 .debug_info    0x0002ecbf     0x303c C:\Users\wes\GOOGLE~1\trab\VENICE~1\Firmware\VENICE~1\VENICE~1\VENICE~1\ARDUIN~1\Debug\libArduinoCore.a(wiring.o)
 .debug_info    0x00031cfb     0x5480 C:\Users\wes\GOOGLE~1\trab\VENICE~1\Firmware\VENICE~1\VENICE~1\VENICE~1\ARDUIN~1\Debug\libArduinoCore.a(wiring_analog.o)
 .debug_info    0x0003717b     0x1958 C:\Users\wes\GOOGLE~1\trab\VENICE~1\Firmware\VENICE~1\VENICE~1\VENICE~1\ARDUIN~1\Debug\libArduinoCore.a(wiring_digital.o)
 .debug_info    0x00038ad3     0x193b C:\Users\wes\GOOGLE~1\trab\VENICE~1\Firmware\VENICE~1\VENICE~1\VENICE~1\ARDUIN~1\Debug\libArduinoCore.a(wiring_private.o)
 .debug_info    0x0003a40e     0x6ad7 C:\Users\wes\GOOGLE~1\trab\VENICE~1\Firmware\VENICE~1\VENICE~1\VENICE~1\ARDUIN~1\Debug\libArduinoCore.a(variant.o)
 .debug_info    0x00040ee5     0x107d C:\Users\wes\GOOGLE~1\trab\VENICE~1\Firmware\VENICE~1\VENICE~1\VENICE~1\ARDUIN~1\Debug\libArduinoCore.a(new.o)
 .debug_info    0x00041f62     0x52ad C:\Users\wes\GOOGLE~1\trab\VENICE~1\Firmware\VENICE~1\VENICE~1\VENICE~1\ARDUIN~1\Debug\libArduinoCore.a(SERCOM.o)
 .debug_info    0x0004720f     0x7930 C:\Users\wes\GOOGLE~1\trab\VENICE~1\Firmware\VENICE~1\VENICE~1\VENICE~1\ARDUIN~1\Debug\libArduinoCore.a(Uart.o)
 .debug_info    0x0004eb3f     0x6fd6 C:\Users\wes\GOOGLE~1\trab\VENICE~1\Firmware\VENICE~1\VENICE~1\VENICE~1\ARDUIN~1\Debug\libArduinoCore.a(CDC.o)
 .debug_info    0x00055b15     0x1be0 C:\Users\wes\GOOGLE~1\trab\VENICE~1\Firmware\VENICE~1\VENICE~1\VENICE~1\ARDUIN~1\Debug\libArduinoCore.a(PluggableUSB.o)
 .debug_info    0x000576f5     0x6faa C:\Users\wes\GOOGLE~1\trab\VENICE~1\Firmware\VENICE~1\VENICE~1\VENICE~1\ARDUIN~1\Debug\libArduinoCore.a(Print.o)

.debug_abbrev   0x00000000     0x6c25
 .debug_abbrev  0x00000000      0x52f FanChannel.o
 .debug_abbrev  0x0000052f      0x54e IRIn.o
 .debug_abbrev  0x00000a7d      0x56a PCB_LED.o
 .debug_abbrev  0x00000fe7      0x55b Sketch.o
 .debug_abbrev  0x00001542      0x298 C:\Users\wes\GOOGLE~1\trab\VENICE~1\Firmware\VENICE~1\VENICE~1\VENICE~1\ARDUIN~1\Debug\libArduinoCore.a(cortex_handlers.o)
 .debug_abbrev  0x000017da      0x2bc C:\Users\wes\GOOGLE~1\trab\VENICE~1\Firmware\VENICE~1\VENICE~1\VENICE~1\ARDUIN~1\Debug\libArduinoCore.a(delay.o)
 .debug_abbrev  0x00001a96       0x4e C:\Users\wes\GOOGLE~1\trab\VENICE~1\Firmware\VENICE~1\VENICE~1\VENICE~1\ARDUIN~1\Debug\libArduinoCore.a(hooks.o)
 .debug_abbrev  0x00001ae4      0x4c2 C:\Users\wes\GOOGLE~1\trab\VENICE~1\Firmware\VENICE~1\VENICE~1\VENICE~1\ARDUIN~1\Debug\libArduinoCore.a(main.o)
 .debug_abbrev  0x00001fa6      0x56e C:\Users\wes\GOOGLE~1\trab\VENICE~1\Firmware\VENICE~1\VENICE~1\VENICE~1\ARDUIN~1\Debug\libArduinoCore.a(Reset.o)
 .debug_abbrev  0x00002514      0x28f C:\Users\wes\GOOGLE~1\trab\VENICE~1\Firmware\VENICE~1\VENICE~1\VENICE~1\ARDUIN~1\Debug\libArduinoCore.a(startup.o)
 .debug_abbrev  0x000027a3      0xb6b C:\Users\wes\GOOGLE~1\trab\VENICE~1\Firmware\VENICE~1\VENICE~1\VENICE~1\ARDUIN~1\Debug\libArduinoCore.a(USBCore.o)
 .debug_abbrev  0x0000330e      0x35c C:\Users\wes\GOOGLE~1\trab\VENICE~1\Firmware\VENICE~1\VENICE~1\VENICE~1\ARDUIN~1\Debug\libArduinoCore.a(wiring.o)
 .debug_abbrev  0x0000366a      0x45f C:\Users\wes\GOOGLE~1\trab\VENICE~1\Firmware\VENICE~1\VENICE~1\VENICE~1\ARDUIN~1\Debug\libArduinoCore.a(wiring_analog.o)
 .debug_abbrev  0x00003ac9      0x2fd C:\Users\wes\GOOGLE~1\trab\VENICE~1\Firmware\VENICE~1\VENICE~1\VENICE~1\ARDUIN~1\Debug\libArduinoCore.a(wiring_digital.o)
 .debug_abbrev  0x00003dc6      0x2ea C:\Users\wes\GOOGLE~1\trab\VENICE~1\Firmware\VENICE~1\VENICE~1\VENICE~1\ARDUIN~1\Debug\libArduinoCore.a(wiring_private.o)
 .debug_abbrev  0x000040b0      0x4f2 C:\Users\wes\GOOGLE~1\trab\VENICE~1\Firmware\VENICE~1\VENICE~1\VENICE~1\ARDUIN~1\Debug\libArduinoCore.a(variant.o)
 .debug_abbrev  0x000045a2      0x2e5 C:\Users\wes\GOOGLE~1\trab\VENICE~1\Firmware\VENICE~1\VENICE~1\VENICE~1\ARDUIN~1\Debug\libArduinoCore.a(new.o)
 .debug_abbrev  0x00004887      0x6c5 C:\Users\wes\GOOGLE~1\trab\VENICE~1\Firmware\VENICE~1\VENICE~1\VENICE~1\ARDUIN~1\Debug\libArduinoCore.a(SERCOM.o)
 .debug_abbrev  0x00004f4c      0x7f1 C:\Users\wes\GOOGLE~1\trab\VENICE~1\Firmware\VENICE~1\VENICE~1\VENICE~1\ARDUIN~1\Debug\libArduinoCore.a(Uart.o)
 .debug_abbrev  0x0000573d      0x882 C:\Users\wes\GOOGLE~1\trab\VENICE~1\Firmware\VENICE~1\VENICE~1\VENICE~1\ARDUIN~1\Debug\libArduinoCore.a(CDC.o)
 .debug_abbrev  0x00005fbf      0x4d7 C:\Users\wes\GOOGLE~1\trab\VENICE~1\Firmware\VENICE~1\VENICE~1\VENICE~1\ARDUIN~1\Debug\libArduinoCore.a(PluggableUSB.o)
 .debug_abbrev  0x00006496      0x78f C:\Users\wes\GOOGLE~1\trab\VENICE~1\Firmware\VENICE~1\VENICE~1\VENICE~1\ARDUIN~1\Debug\libArduinoCore.a(Print.o)

.debug_loc      0x00000000     0x7a3f
 .debug_loc     0x00000000      0x297 FanChannel.o
 .debug_loc     0x00000297      0x258 IRIn.o
 .debug_loc     0x000004ef      0x2e0 PCB_LED.o
 .debug_loc     0x000007cf      0x108 Sketch.o
 .debug_loc     0x000008d7       0x9c C:\Users\wes\GOOGLE~1\trab\VENICE~1\Firmware\VENICE~1\VENICE~1\VENICE~1\ARDUIN~1\Debug\libArduinoCore.a(cortex_handlers.o)
 .debug_loc     0x00000973      0x169 C:\Users\wes\GOOGLE~1\trab\VENICE~1\Firmware\VENICE~1\VENICE~1\VENICE~1\ARDUIN~1\Debug\libArduinoCore.a(delay.o)
 .debug_loc     0x00000adc       0x20 C:\Users\wes\GOOGLE~1\trab\VENICE~1\Firmware\VENICE~1\VENICE~1\VENICE~1\ARDUIN~1\Debug\libArduinoCore.a(main.o)
 .debug_loc     0x00000afc       0x20 C:\Users\wes\GOOGLE~1\trab\VENICE~1\Firmware\VENICE~1\VENICE~1\VENICE~1\ARDUIN~1\Debug\libArduinoCore.a(Reset.o)
 .debug_loc     0x00000b1c       0x4e C:\Users\wes\GOOGLE~1\trab\VENICE~1\Firmware\VENICE~1\VENICE~1\VENICE~1\ARDUIN~1\Debug\libArduinoCore.a(startup.o)
 .debug_loc     0x00000b6a     0x2adc C:\Users\wes\GOOGLE~1\trab\VENICE~1\Firmware\VENICE~1\VENICE~1\VENICE~1\ARDUIN~1\Debug\libArduinoCore.a(USBCore.o)
 .debug_loc     0x00003646       0xcb C:\Users\wes\GOOGLE~1\trab\VENICE~1\Firmware\VENICE~1\VENICE~1\VENICE~1\ARDUIN~1\Debug\libArduinoCore.a(wiring.o)
 .debug_loc     0x00003711      0x5a6 C:\Users\wes\GOOGLE~1\trab\VENICE~1\Firmware\VENICE~1\VENICE~1\VENICE~1\ARDUIN~1\Debug\libArduinoCore.a(wiring_analog.o)
 .debug_loc     0x00003cb7      0x18c C:\Users\wes\GOOGLE~1\trab\VENICE~1\Firmware\VENICE~1\VENICE~1\VENICE~1\ARDUIN~1\Debug\libArduinoCore.a(wiring_digital.o)
 .debug_loc     0x00003e43      0x14e C:\Users\wes\GOOGLE~1\trab\VENICE~1\Firmware\VENICE~1\VENICE~1\VENICE~1\ARDUIN~1\Debug\libArduinoCore.a(wiring_private.o)
 .debug_loc     0x00003f91       0x8a C:\Users\wes\GOOGLE~1\trab\VENICE~1\Firmware\VENICE~1\VENICE~1\VENICE~1\ARDUIN~1\Debug\libArduinoCore.a(variant.o)
 .debug_loc     0x0000401b       0x82 C:\Users\wes\GOOGLE~1\trab\VENICE~1\Firmware\VENICE~1\VENICE~1\VENICE~1\ARDUIN~1\Debug\libArduinoCore.a(new.o)
 .debug_loc     0x0000409d      0xd23 C:\Users\wes\GOOGLE~1\trab\VENICE~1\Firmware\VENICE~1\VENICE~1\VENICE~1\ARDUIN~1\Debug\libArduinoCore.a(SERCOM.o)
 .debug_loc     0x00004dc0      0xbb6 C:\Users\wes\GOOGLE~1\trab\VENICE~1\Firmware\VENICE~1\VENICE~1\VENICE~1\ARDUIN~1\Debug\libArduinoCore.a(Uart.o)
 .debug_loc     0x00005976      0x6ce C:\Users\wes\GOOGLE~1\trab\VENICE~1\Firmware\VENICE~1\VENICE~1\VENICE~1\ARDUIN~1\Debug\libArduinoCore.a(CDC.o)
 .debug_loc     0x00006044      0x300 C:\Users\wes\GOOGLE~1\trab\VENICE~1\Firmware\VENICE~1\VENICE~1\VENICE~1\ARDUIN~1\Debug\libArduinoCore.a(PluggableUSB.o)
 .debug_loc     0x00006344     0x16fb C:\Users\wes\GOOGLE~1\trab\VENICE~1\Firmware\VENICE~1\VENICE~1\VENICE~1\ARDUIN~1\Debug\libArduinoCore.a(Print.o)

.debug_aranges  0x00000000      0x928
 .debug_aranges
                0x00000000       0x30 FanChannel.o
 .debug_aranges
                0x00000030       0x40 IRIn.o
 .debug_aranges
                0x00000070       0x30 PCB_LED.o
 .debug_aranges
                0x000000a0       0x40 Sketch.o
 .debug_aranges
                0x000000e0       0x40 C:\Users\wes\GOOGLE~1\trab\VENICE~1\Firmware\VENICE~1\VENICE~1\VENICE~1\ARDUIN~1\Debug\libArduinoCore.a(cortex_handlers.o)
 .debug_aranges
                0x00000120       0x38 C:\Users\wes\GOOGLE~1\trab\VENICE~1\Firmware\VENICE~1\VENICE~1\VENICE~1\ARDUIN~1\Debug\libArduinoCore.a(delay.o)
 .debug_aranges
                0x00000158       0x30 C:\Users\wes\GOOGLE~1\trab\VENICE~1\Firmware\VENICE~1\VENICE~1\VENICE~1\ARDUIN~1\Debug\libArduinoCore.a(hooks.o)
 .debug_aranges
                0x00000188       0x28 C:\Users\wes\GOOGLE~1\trab\VENICE~1\Firmware\VENICE~1\VENICE~1\VENICE~1\ARDUIN~1\Debug\libArduinoCore.a(main.o)
 .debug_aranges
                0x000001b0       0x30 C:\Users\wes\GOOGLE~1\trab\VENICE~1\Firmware\VENICE~1\VENICE~1\VENICE~1\ARDUIN~1\Debug\libArduinoCore.a(Reset.o)
 .debug_aranges
                0x000001e0       0x20 C:\Users\wes\GOOGLE~1\trab\VENICE~1\Firmware\VENICE~1\VENICE~1\VENICE~1\ARDUIN~1\Debug\libArduinoCore.a(startup.o)
 .debug_aranges
                0x00000200      0x168 C:\Users\wes\GOOGLE~1\trab\VENICE~1\Firmware\VENICE~1\VENICE~1\VENICE~1\ARDUIN~1\Debug\libArduinoCore.a(USBCore.o)
 .debug_aranges
                0x00000368       0x20 C:\Users\wes\GOOGLE~1\trab\VENICE~1\Firmware\VENICE~1\VENICE~1\VENICE~1\ARDUIN~1\Debug\libArduinoCore.a(wiring.o)
 .debug_aranges
                0x00000388       0x48 C:\Users\wes\GOOGLE~1\trab\VENICE~1\Firmware\VENICE~1\VENICE~1\VENICE~1\ARDUIN~1\Debug\libArduinoCore.a(wiring_analog.o)
 .debug_aranges
                0x000003d0       0x30 C:\Users\wes\GOOGLE~1\trab\VENICE~1\Firmware\VENICE~1\VENICE~1\VENICE~1\ARDUIN~1\Debug\libArduinoCore.a(wiring_digital.o)
 .debug_aranges
                0x00000400       0x20 C:\Users\wes\GOOGLE~1\trab\VENICE~1\Firmware\VENICE~1\VENICE~1\VENICE~1\ARDUIN~1\Debug\libArduinoCore.a(wiring_private.o)
 .debug_aranges
                0x00000420       0x30 C:\Users\wes\GOOGLE~1\trab\VENICE~1\Firmware\VENICE~1\VENICE~1\VENICE~1\ARDUIN~1\Debug\libArduinoCore.a(variant.o)
 .debug_aranges
                0x00000450       0x28 C:\Users\wes\GOOGLE~1\trab\VENICE~1\Firmware\VENICE~1\VENICE~1\VENICE~1\ARDUIN~1\Debug\libArduinoCore.a(new.o)
 .debug_aranges
                0x00000478      0x1d8 C:\Users\wes\GOOGLE~1\trab\VENICE~1\Firmware\VENICE~1\VENICE~1\VENICE~1\ARDUIN~1\Debug\libArduinoCore.a(SERCOM.o)
 .debug_aranges
                0x00000650       0xb0 C:\Users\wes\GOOGLE~1\trab\VENICE~1\Firmware\VENICE~1\VENICE~1\VENICE~1\ARDUIN~1\Debug\libArduinoCore.a(Uart.o)
 .debug_aranges
                0x00000700       0xd8 C:\Users\wes\GOOGLE~1\trab\VENICE~1\Firmware\VENICE~1\VENICE~1\VENICE~1\ARDUIN~1\Debug\libArduinoCore.a(CDC.o)
 .debug_aranges
                0x000007d8       0x50 C:\Users\wes\GOOGLE~1\trab\VENICE~1\Firmware\VENICE~1\VENICE~1\VENICE~1\ARDUIN~1\Debug\libArduinoCore.a(PluggableUSB.o)
 .debug_aranges
                0x00000828      0x100 C:\Users\wes\GOOGLE~1\trab\VENICE~1\Firmware\VENICE~1\VENICE~1\VENICE~1\ARDUIN~1\Debug\libArduinoCore.a(Print.o)

.debug_ranges   0x00000000     0x1210
 .debug_ranges  0x00000000       0x20 FanChannel.o
 .debug_ranges  0x00000020       0x48 IRIn.o
 .debug_ranges  0x00000068       0x20 PCB_LED.o
 .debug_ranges  0x00000088       0x30 Sketch.o
 .debug_ranges  0x000000b8       0x30 C:\Users\wes\GOOGLE~1\trab\VENICE~1\Firmware\VENICE~1\VENICE~1\VENICE~1\ARDUIN~1\Debug\libArduinoCore.a(cortex_handlers.o)
 .debug_ranges  0x000000e8       0x28 C:\Users\wes\GOOGLE~1\trab\VENICE~1\Firmware\VENICE~1\VENICE~1\VENICE~1\ARDUIN~1\Debug\libArduinoCore.a(delay.o)
 .debug_ranges  0x00000110       0x20 C:\Users\wes\GOOGLE~1\trab\VENICE~1\Firmware\VENICE~1\VENICE~1\VENICE~1\ARDUIN~1\Debug\libArduinoCore.a(hooks.o)
 .debug_ranges  0x00000130       0x18 C:\Users\wes\GOOGLE~1\trab\VENICE~1\Firmware\VENICE~1\VENICE~1\VENICE~1\ARDUIN~1\Debug\libArduinoCore.a(main.o)
 .debug_ranges  0x00000148       0x38 C:\Users\wes\GOOGLE~1\trab\VENICE~1\Firmware\VENICE~1\VENICE~1\VENICE~1\ARDUIN~1\Debug\libArduinoCore.a(Reset.o)
 .debug_ranges  0x00000180       0x10 C:\Users\wes\GOOGLE~1\trab\VENICE~1\Firmware\VENICE~1\VENICE~1\VENICE~1\ARDUIN~1\Debug\libArduinoCore.a(startup.o)
 .debug_ranges  0x00000190      0x790 C:\Users\wes\GOOGLE~1\trab\VENICE~1\Firmware\VENICE~1\VENICE~1\VENICE~1\ARDUIN~1\Debug\libArduinoCore.a(USBCore.o)
 .debug_ranges  0x00000920       0x28 C:\Users\wes\GOOGLE~1\trab\VENICE~1\Firmware\VENICE~1\VENICE~1\VENICE~1\ARDUIN~1\Debug\libArduinoCore.a(wiring.o)
 .debug_ranges  0x00000948       0x98 C:\Users\wes\GOOGLE~1\trab\VENICE~1\Firmware\VENICE~1\VENICE~1\VENICE~1\ARDUIN~1\Debug\libArduinoCore.a(wiring_analog.o)
 .debug_ranges  0x000009e0       0x20 C:\Users\wes\GOOGLE~1\trab\VENICE~1\Firmware\VENICE~1\VENICE~1\VENICE~1\ARDUIN~1\Debug\libArduinoCore.a(wiring_digital.o)
 .debug_ranges  0x00000a00       0x30 C:\Users\wes\GOOGLE~1\trab\VENICE~1\Firmware\VENICE~1\VENICE~1\VENICE~1\ARDUIN~1\Debug\libArduinoCore.a(wiring_private.o)
 .debug_ranges  0x00000a30       0x20 C:\Users\wes\GOOGLE~1\trab\VENICE~1\Firmware\VENICE~1\VENICE~1\VENICE~1\ARDUIN~1\Debug\libArduinoCore.a(variant.o)
 .debug_ranges  0x00000a50       0x18 C:\Users\wes\GOOGLE~1\trab\VENICE~1\Firmware\VENICE~1\VENICE~1\VENICE~1\ARDUIN~1\Debug\libArduinoCore.a(new.o)
 .debug_ranges  0x00000a68      0x268 C:\Users\wes\GOOGLE~1\trab\VENICE~1\Firmware\VENICE~1\VENICE~1\VENICE~1\ARDUIN~1\Debug\libArduinoCore.a(SERCOM.o)
 .debug_ranges  0x00000cd0      0x270 C:\Users\wes\GOOGLE~1\trab\VENICE~1\Firmware\VENICE~1\VENICE~1\VENICE~1\ARDUIN~1\Debug\libArduinoCore.a(Uart.o)
 .debug_ranges  0x00000f40       0xf8 C:\Users\wes\GOOGLE~1\trab\VENICE~1\Firmware\VENICE~1\VENICE~1\VENICE~1\ARDUIN~1\Debug\libArduinoCore.a(CDC.o)
 .debug_ranges  0x00001038       0x58 C:\Users\wes\GOOGLE~1\trab\VENICE~1\Firmware\VENICE~1\VENICE~1\VENICE~1\ARDUIN~1\Debug\libArduinoCore.a(PluggableUSB.o)
 .debug_ranges  0x00001090      0x180 C:\Users\wes\GOOGLE~1\trab\VENICE~1\Firmware\VENICE~1\VENICE~1\VENICE~1\ARDUIN~1\Debug\libArduinoCore.a(Print.o)

.debug_macro    0x00000000    0x1d4f2
 .debug_macro   0x00000000      0x6bb FanChannel.o
 .debug_macro   0x000006bb      0x982 FanChannel.o
 .debug_macro   0x0000103d       0x16 FanChannel.o
 .debug_macro   0x00001053       0x1c FanChannel.o
 .debug_macro   0x0000106f       0x22 FanChannel.o
 .debug_macro   0x00001091       0x87 FanChannel.o
 .debug_macro   0x00001118       0x51 FanChannel.o
 .debug_macro   0x00001169       0xef FanChannel.o
 .debug_macro   0x00001258       0x6a FanChannel.o
 .debug_macro   0x000012c2      0x1df FanChannel.o
 .debug_macro   0x000014a1      0x143 FanChannel.o
 .debug_macro   0x000015e4       0x10 FanChannel.o
 .debug_macro   0x000015f4      0x3c3 FanChannel.o
 .debug_macro   0x000019b7       0x10 FanChannel.o
 .debug_macro   0x000019c7       0x58 FanChannel.o
 .debug_macro   0x00001a1f       0x35 FanChannel.o
 .debug_macro   0x00001a54       0x9c FanChannel.o
 .debug_macro   0x00001af0       0x16 FanChannel.o
 .debug_macro   0x00001b06      0x10e FanChannel.o
 .debug_macro   0x00001c14       0x94 FanChannel.o
 .debug_macro   0x00001ca8       0x58 FanChannel.o
 .debug_macro   0x00001d00       0x1f FanChannel.o
 .debug_macro   0x00001d1f       0x43 FanChannel.o
 .debug_macro   0x00001d62       0x20 FanChannel.o
 .debug_macro   0x00001d82      0x187 FanChannel.o
 .debug_macro   0x00001f09      0x353 FanChannel.o
 .debug_macro   0x0000225c       0x16 FanChannel.o
 .debug_macro   0x00002272       0x29 FanChannel.o
 .debug_macro   0x0000229b       0xea FanChannel.o
 .debug_macro   0x00002385       0x16 FanChannel.o
 .debug_macro   0x0000239b       0x35 FanChannel.o
 .debug_macro   0x000023d0       0x18 FanChannel.o
 .debug_macro   0x000023e8      0x1da FanChannel.o
 .debug_macro   0x000025c2      0x3d3 FanChannel.o
 .debug_macro   0x00002995       0x10 FanChannel.o
 .debug_macro   0x000029a5      0x45d FanChannel.o
 .debug_macro   0x00002e02      0x190 FanChannel.o
 .debug_macro   0x00002f92       0x1c FanChannel.o
 .debug_macro   0x00002fae      0xd93 FanChannel.o
 .debug_macro   0x00003d41      0x2e6 FanChannel.o
 .debug_macro   0x00004027       0x40 FanChannel.o
 .debug_macro   0x00004067       0x28 FanChannel.o
 .debug_macro   0x0000408f       0x85 FanChannel.o
 .debug_macro   0x00004114      0x375 FanChannel.o
 .debug_macro   0x00004489      0x682 FanChannel.o
 .debug_macro   0x00004b0b      0x8bf FanChannel.o
 .debug_macro   0x000053ca      0x235 FanChannel.o
 .debug_macro   0x000055ff      0xd6a FanChannel.o
 .debug_macro   0x00006369      0x4ce FanChannel.o
 .debug_macro   0x00006837      0x9f8 FanChannel.o